Archive member included to satisfy reference by file (symbol)

freertos/libfreertos.a(tasks.c.obj)
                              CMakeFiles/firmware.dir/firmware.c.obj (xTaskCreate)
freertos/libfreertos.a(timers.c.obj)
                              freertos/libfreertos.a(tasks.c.obj) (xTimerCreateTimerTask)
freertos/libfreertos.a(heap_3.c.obj)
                              freertos/libfreertos.a(tasks.c.obj) (pvPortMalloc)
freertos/libfreertos.a(port.c.obj)
                              freertos/libfreertos.a(tasks.c.obj) (vPortYield)
freertos/libfreertos.a(portasm.c.obj)
                              freertos/libfreertos.a(port.c.obj) (vRestoreContextOfFirstTask)
freertos/libfreertos.a(event_groups.c.obj)
                              freertos/libfreertos.a(port.c.obj) (xEventGroupCreate)
freertos/libfreertos.a(list.c.obj)
                              freertos/libfreertos.a(tasks.c.obj) (vListInitialise)
freertos/libfreertos.a(queue.c.obj)
                              freertos/libfreertos.a(timers.c.obj) (xQueueGenericCreate)
pwm_lib/libpwm_lib.a(pwm_lib.c.obj)
                              CMakeFiles/firmware.dir/firmware.c.obj (pwm_init_config)
lcd/liblcd.a(lcd.c.obj)       CMakeFiles/firmware.dir/firmware.c.obj (lcd_clear)
HC_SR04/libHC_SR04.a(HC_SR04.c.obj)
                              CMakeFiles/firmware.dir/firmware.c.obj (hc_sr04_init)
C:/Users/nahue/.pico-sdk/toolchain/14_2_Rel1/bin/../lib/gcc/arm-none-eabi/14.2.1/thumb/v8-m.main+fp/softfp\libm.a(libm_a-wf_sqrt.o)
                              CMakeFiles/firmware.dir/C_/Users/nahue/.pico-sdk/sdk/2.1.1/src/rp2_common/pico_float/float_math.c.obj (sqrtf)
C:/Users/nahue/.pico-sdk/toolchain/14_2_Rel1/bin/../lib/gcc/arm-none-eabi/14.2.1/thumb/v8-m.main+fp/softfp\libm.a(libm_a-ef_sqrt.o)
                              C:/Users/nahue/.pico-sdk/toolchain/14_2_Rel1/bin/../lib/gcc/arm-none-eabi/14.2.1/thumb/v8-m.main+fp/softfp\libm.a(libm_a-wf_sqrt.o) (__ieee754_sqrtf)
C:/Users/nahue/.pico-sdk/toolchain/14_2_Rel1/bin/../lib/gcc/arm-none-eabi/14.2.1/thumb/v8-m.main+fp/softfp\libgcc.a(_arm_addsubdf3.o)
                              CMakeFiles/firmware.dir/firmware.c.obj (__aeabi_f2d)
C:/Users/nahue/.pico-sdk/toolchain/14_2_Rel1/bin/../lib/gcc/arm-none-eabi/14.2.1/thumb/v8-m.main+fp/softfp\libgcc.a(_aeabi_ldivmod.o)
                              CMakeFiles/firmware.dir/C_/Users/nahue/.pico-sdk/sdk/2.1.1/src/common/pico_time/time.c.obj (__aeabi_ldivmod)
C:/Users/nahue/.pico-sdk/toolchain/14_2_Rel1/bin/../lib/gcc/arm-none-eabi/14.2.1/thumb/v8-m.main+fp/softfp\libgcc.a(_aeabi_uldivmod.o)
                              CMakeFiles/firmware.dir/C_/Users/nahue/.pico-sdk/sdk/2.1.1/src/rp2_common/hardware_clocks/clocks.c.obj (__aeabi_uldivmod)
C:/Users/nahue/.pico-sdk/toolchain/14_2_Rel1/bin/../lib/gcc/arm-none-eabi/14.2.1/thumb/v8-m.main+fp/softfp\libgcc.a(_udivmoddi4.o)
                              C:/Users/nahue/.pico-sdk/toolchain/14_2_Rel1/bin/../lib/gcc/arm-none-eabi/14.2.1/thumb/v8-m.main+fp/softfp\libgcc.a(_aeabi_ldivmod.o) (__udivmoddi4)
C:/Users/nahue/.pico-sdk/toolchain/14_2_Rel1/bin/../lib/gcc/arm-none-eabi/14.2.1/thumb/v8-m.main+fp/softfp\libgcc.a(_dvmd_tls.o)
                              C:/Users/nahue/.pico-sdk/toolchain/14_2_Rel1/bin/../lib/gcc/arm-none-eabi/14.2.1/thumb/v8-m.main+fp/softfp\libgcc.a(_aeabi_ldivmod.o) (__aeabi_ldiv0)
C:/Users/nahue/.pico-sdk/toolchain/14_2_Rel1/bin/../lib/gcc/arm-none-eabi/14.2.1/thumb/v8-m.main+fp/softfp\libg.a(libc_a-calloc.o)
                              CMakeFiles/firmware.dir/C_/Users/nahue/.pico-sdk/sdk/2.1.1/src/rp2_common/pico_malloc/malloc.c.obj (calloc)
C:/Users/nahue/.pico-sdk/toolchain/14_2_Rel1/bin/../lib/gcc/arm-none-eabi/14.2.1/thumb/v8-m.main+fp/softfp\libg.a(libc_a-callocr.o)
                              C:/Users/nahue/.pico-sdk/toolchain/14_2_Rel1/bin/../lib/gcc/arm-none-eabi/14.2.1/thumb/v8-m.main+fp/softfp\libg.a(libc_a-calloc.o) (_calloc_r)
C:/Users/nahue/.pico-sdk/toolchain/14_2_Rel1/bin/../lib/gcc/arm-none-eabi/14.2.1/thumb/v8-m.main+fp/softfp\libg.a(libc_a-malloc.o)
                              CMakeFiles/firmware.dir/C_/Users/nahue/.pico-sdk/sdk/2.1.1/src/rp2_common/pico_malloc/malloc.c.obj (malloc)
C:/Users/nahue/.pico-sdk/toolchain/14_2_Rel1/bin/../lib/gcc/arm-none-eabi/14.2.1/thumb/v8-m.main+fp/softfp\libg.a(libc_a-mallocr.o)
                              C:/Users/nahue/.pico-sdk/toolchain/14_2_Rel1/bin/../lib/gcc/arm-none-eabi/14.2.1/thumb/v8-m.main+fp/softfp\libg.a(libc_a-callocr.o) (_malloc_r)
C:/Users/nahue/.pico-sdk/toolchain/14_2_Rel1/bin/../lib/gcc/arm-none-eabi/14.2.1/thumb/v8-m.main+fp/softfp\libg.a(libc_a-mlock.o)
                              C:/Users/nahue/.pico-sdk/toolchain/14_2_Rel1/bin/../lib/gcc/arm-none-eabi/14.2.1/thumb/v8-m.main+fp/softfp\libg.a(libc_a-mallocr.o) (__malloc_lock)
C:/Users/nahue/.pico-sdk/toolchain/14_2_Rel1/bin/../lib/gcc/arm-none-eabi/14.2.1/thumb/v8-m.main+fp/softfp\libg.a(libc_a-realloc.o)
[...]
Memory Configuration

Name             Origin             Length             Attributes
FLASH            0x10000000         0x00400000         xr
RAM              0x20000000         0x00080000         xrw
SCRATCH_X        0x20080000         0x00001000         xrw
SCRATCH_Y        0x20081000         0x00001000         xrw
*default*        0x00000000         0xffffffff

Linker script and memory map

LOAD C:/Users/nahue/.pico-sdk/toolchain/14_2_Rel1/bin/../lib/gcc/arm-none-eabi/14.2.1/thumb/v8-m.main+fp/softfp/crti.o
LOAD C:/Users/nahue/.pico-sdk/toolchain/14_2_Rel1/bin/../lib/gcc/arm-none-eabi/14.2.1/thumb/v8-m.main+fp/softfp/crtbegin.o
LOAD C:/Users/nahue/.pico-sdk/toolchain/14_2_Rel1/bin/../lib/gcc/arm-none-eabi/14.2.1/thumb/v8-m.main+fp/softfp/crt0.o

.flash_begin    0x10000000        0x0
                0x10000000                        __flash_binary_start = .

.text           0x10000000     0x5840
                0x10000000                        __logical_binary_start = .
 *(.vectors)
 .vectors       0x10000000      0x124 CMakeFiles/firmware.dir/C_/Users/nahue/.pico-sdk/sdk/2.1.1/src/rp2_common/pico_crt0/crt0.S.obj
                0x10000000                __vectors
                0x10000000                __VECTOR_TABLE
                0x10000110                isr_invalid
                0x10000110                __default_isrs_start
                0x10000112                isr_nmi
                0x10000114                isr_hardfault
                0x1000011c                isr_irq27
                0x1000011c                isr_irq32
                0x1000011c                isr_irq31
                0x1000011c                isr_irq5
                0x1000011c                isr_irq11
                0x1000011c                isr_irq45
                0x1000011c                isr_irq23
                0x1000011c                isr_irq48
                0x1000011c                isr_irq35
                0x1000011c                isr_irq18
                0x1000011c                isr_irq50
                0x1000011c                isr_irq43
                0x1000011c                isr_irq13
                0x1000011c                isr_irq28
                0x1000011c                isr_irq19
                0x1000011c                isr_irq36
                0x1000011c                isr_irq41
                0x1000011c                isr_irq0
                0x1000011c                isr_irq6
                0x1000011c                __unhandled_user_irq
                0x1000011c                isr_irq12
                0x1000011c                isr_irq37
                0x1000011c                isr_irq42
                0x1000011c                isr_irq22
                0x1000011c                isr_irq30
                0x1000011c                isr_irq17
                0x1000011c                isr_irq38
                0x1000011c                isr_irq14
                0x1000011c                isr_irq40
                0x1000011c                isr_irq2
                0x1000011c                isr_irq10
                0x1000011c                isr_irq8
                0x1000011c                isr_irq24
                0x1000011c                isr_irq46
                0x1000011c                isr_irq1
                0x1000011c                isr_irq47
                0x1000011c                isr_irq51
                0x1000011c                isr_irq7
                0x1000011c                isr_irq21
                0x1000011c                isr_irq39
                0x1000011c                isr_irq20
                0x1000011c                isr_irq15
                0x1000011c                isr_irq25
                0x1000011c                isr_irq34
                0x1000011c                isr_irq49
                0x1000011c                isr_irq4
                0x1000011c                isr_irq16
                0x1000011c                isr_irq44
                0x1000011c                isr_irq29
                0x1000011c                isr_irq26
                0x1000011c                __default_isrs_end
                0x1000011c                isr_irq33
                0x1000011c                isr_irq3
                0x1000011c                isr_irq9
                0x10000122                unhandled_user_irq_num_in_r0
 *(.binary_info_header)
 .binary_info_header
                0x10000124       0x14 CMakeFiles/firmware.dir/C_/Users/nahue/.pico-sdk/sdk/2.1.1/src/rp2_common/pico_crt0/crt0.S.obj
                0x10000138                        __binary_info_header_end = .
 *(.embedded_block)
 .embedded_block
                0x10000138       0x14 CMakeFiles/firmware.dir/C_/Users/nahue/.pico-sdk/sdk/2.1.1/src/rp2_common/pico_crt0/crt0.S.obj
                0x1000014c                        __embedded_block_end = .
 *(.reset)
 .reset         0x1000014c       0xa0 CMakeFiles/firmware.dir/C_/Users/nahue/.pico-sdk/sdk/2.1.1/src/rp2_common/pico_crt0/crt0.S.obj
                0x1000014c                _entry_point
 *(.init)
 .init          0x100001ec        0x4 C:/Users/nahue/.pico-sdk/toolchain/14_2_Rel1/bin/../lib/gcc/arm-none-eabi/14.2.1/thumb/v8-m.main+fp/softfp/crti.o
                0x100001ec                _init
 SORT_BY_NAME(REVERSE(*libgcc.a:cmse_nonsecure_call.o))()
 *(EXCLUDE_FILE(*libm.a: *libc.a:*lib_a-mem*.o *libgcc.a:) .text*)
 .text.register_tm_clones
                0x100001f0       0x28 C:/Users/nahue/.pico-sdk/toolchain/14_2_Rel1/bin/../lib/gcc/arm-none-eabi/14.2.1/thumb/v8-m.main+fp/softfp/crtbegin.o
 .text.frame_dummy
                0x10000218       0x24 C:/Users/nahue/.pico-sdk/toolchain/14_2_Rel1/bin/../lib/gcc/arm-none-eabi/14.2.1/thumb/v8-m.main+fp/softfp/crtbegin.o
 .text.task_hcsr04
                0x1000023c       0x48 CMakeFiles/firmware.dir/firmware.c.obj
                0x1000023c                task_hcsr04
 .text.task_init
                0x10000284       0xb4 CMakeFiles/firmware.dir/firmware.c.obj
                0x10000284                task_init
 .text.startup.main
                0x10000338       0x4c CMakeFiles/firmware.dir/firmware.c.obj
                0x10000338                main
 .text.gpio_set_function
                0x10000384       0x3c CMakeFiles/firmware.dir/C_/Users/nahue/.pico-sdk/sdk/2.1.1/src/rp2_common/hardware_gpio/gpio.c.obj
                0x10000384                gpio_set_function
 .text.gpio_set_pulls
                0x100003c0       0x28 CMakeFiles/firmware.dir/C_/Users/nahue/.pico-sdk/sdk/2.1.1/src/rp2_common/hardware_gpio/gpio.c.obj
                0x100003c0                gpio_set_pulls
 .text.gpio_set_input_enabled
                0x100003e8       0x20 CMakeFiles/firmware.dir/C_/Users/nahue/.pico-sdk/sdk/2.1.1/src/rp2_common/hardware_gpio/gpio.c.obj
                0x100003e8                gpio_set_input_enabled
 .text.gpio_init
                0x10000408       0x48 CMakeFiles/firmware.dir/C_/Users/nahue/.pico-sdk/sdk/2.1.1/src/rp2_common/hardware_gpio/gpio.c.obj
                0x10000408                gpio_init
 .text.panic    0x10000450       0x30 CMakeFiles/firmware.dir/C_/Users/nahue/.pico-sdk/sdk/2.1.1/src/rp2_common/pico_platform_panic/panic.c.obj
                0x10000450                panic
 .text.hw_claim_or_assert
                0x10000480       0x58 CMakeFiles/firmware.dir/C_/Users/nahue/.pico-sdk/sdk/2.1.1/src/common/hardware_claim/claim.c.obj
                0x10000480                hw_claim_or_assert
 .text.next_striped_spin_lock_num
                0x100004d8       0x18 CMakeFiles/firmware.dir/C_/Users/nahue/.pico-sdk/sdk/2.1.1/src/rp2_common/hardware_sync/sync.c.obj
                0x100004d8                next_striped_spin_lock_num
 .text.spinlock_set_extexclall
                0x100004f0       0x10 CMakeFiles/firmware.dir/C_/Users/nahue/.pico-sdk/sdk/2.1.1/src/rp2_common/hardware_sync_spin_lock/sync_spin_lock.c.obj
 .text.spin_locks_reset
                0x10000500       0x18 CMakeFiles/firmware.dir/C_/Users/nahue/.pico-sdk/sdk/2.1.1/src/rp2_common/hardware_sync_spin_lock/sync_spin_lock.c.obj
                0x10000500                spin_locks_reset
 .text.runtime_init_per_core_irq_priorities
                0x10000518       0x40 CMakeFiles/firmware.dir/C_/Users/nahue/.pico-sdk/sdk/2.1.1/src/rp2_common/hardware_irq/irq.c.obj
                0x10000518                runtime_init_per_core_irq_priorities
 .text.irq_set_enabled
                0x10000558       0x2c CMakeFiles/firmware.dir/C_/Users/nahue/.pico-sdk/sdk/2.1.1/src/rp2_common/hardware_irq/irq.c.obj
                0x10000558                irq_set_enabled
 .text.irq_set_exclusive_handler
                0x10000584       0x60 CMakeFiles/firmware.dir/C_/Users/nahue/.pico-sdk/sdk/2.1.1/src/rp2_common/hardware_irq/irq.c.obj
                0x10000584                irq_set_exclusive_handler
 .text.lock_init
                0x100005e4        0xc CMakeFiles/firmware.dir/C_/Users/nahue/.pico-sdk/sdk/2.1.1/src/common/pico_sync/lock_core.c.obj
                0x100005e4                lock_init
 .text.runtime_init_mutex
                0x100005f0       0x4c CMakeFiles/firmware.dir/C_/Users/nahue/.pico-sdk/sdk/2.1.1/src/common/pico_sync/mutex.c.obj
                0x100005f0                runtime_init_mutex
 .text.sleep_until_callback
                0x1000063c       0x3c CMakeFiles/firmware.dir/C_/Users/nahue/.pico-sdk/sdk/2.1.1/src/common/pico_time/time.c.obj
 .text.alarm_pool_irq_handler
                0x10000678      0x2f0 CMakeFiles/firmware.dir/C_/Users/nahue/.pico-sdk/sdk/2.1.1/src/common/pico_time/time.c.obj
 .text.runtime_init_default_alarm_pool
                0x10000968      0x100 CMakeFiles/firmware.dir/C_/Users/nahue/.pico-sdk/sdk/2.1.1/src/common/pico_time/time.c.obj
                0x10000968                runtime_init_default_alarm_pool
 .text.alarm_pool_add_alarm_at_force_in_context
                0x10000a68       0xc8 CMakeFiles/firmware.dir/C_/Users/nahue/.pico-sdk/sdk/2.1.1/src/common/pico_time/time.c.obj
                0x10000a68                alarm_pool_add_alarm_at_force_in_context
 .text.alarm_pool_cancel_alarm
                0x10000b30       0x80 CMakeFiles/firmware.dir/C_/Users/nahue/.pico-sdk/sdk/2.1.1/src/common/pico_time/time.c.obj
                0x10000b30                alarm_pool_cancel_alarm
 .text.sleep_us
                0x10000bb0       0xd8 CMakeFiles/firmware.dir/C_/Users/nahue/.pico-sdk/sdk/2.1.1/src/common/pico_time/time.c.obj
                0x10000bb0                sleep_us
 .text.best_effort_wfe_or_timeout
                0x10000c88       0xd4 CMakeFiles/firmware.dir/C_/Users/nahue/.pico-sdk/sdk/2.1.1/src/common/pico_time/time.c.obj
                0x10000c88                best_effort_wfe_or_timeout
 .text.timer_hardware_alarm_claim
                0x10000d5c       0x24 CMakeFiles/firmware.dir/C_/Users/nahue/.pico-sdk/sdk/2.1.1/src/rp2_common/hardware_timer/timer.c.obj
                0x10000d5c                timer_hardware_alarm_claim
 .text.timer_time_us_64
                0x10000d80       0x10 CMakeFiles/firmware.dir/C_/Users/nahue/.pico-sdk/sdk/2.1.1/src/rp2_common/hardware_timer/timer.c.obj
                0x10000d80                timer_time_us_64
 .text.time_us_64
                0x10000d90       0x14 CMakeFiles/firmware.dir/C_/Users/nahue/.pico-sdk/sdk/2.1.1/src/rp2_common/hardware_timer/timer.c.obj
                0x10000d90                time_us_64
 .text.busy_wait_until
                0x10000da4       0x24 CMakeFiles/firmware.dir/C_/Users/nahue/.pico-sdk/sdk/2.1.1/src/rp2_common/hardware_timer/timer.c.obj
                0x10000da4                busy_wait_until
 .text.clock_configure_undivided
                0x10000dc8       0xd0 CMakeFiles/firmware.dir/C_/Users/nahue/.pico-sdk/sdk/2.1.1/src/rp2_common/hardware_clocks/clocks.c.obj
                0x10000dc8                clock_configure_undivided
 .text.clock_get_hz
                0x10000e98        0xc CMakeFiles/firmware.dir/C_/Users/nahue/.pico-sdk/sdk/2.1.1/src/rp2_common/hardware_clocks/clocks.c.obj
                0x10000e98                clock_get_hz
 .text.pll_init
                0x10000ea4       0x8c CMakeFiles/firmware.dir/C_/Users/nahue/.pico-sdk/sdk/2.1.1/src/rp2_common/hardware_pll/pll.c.obj
                0x10000ea4                pll_init
 .text.tick_start
                0x10000f30       0x18 CMakeFiles/firmware.dir/C_/Users/nahue/.pico-sdk/sdk/2.1.1/src/rp2_common/hardware_ticks/ticks.c.obj
                0x10000f30                tick_start
 .text.rom_func_lookup
                0x10000f48       0x18 CMakeFiles/firmware.dir/C_/Users/nahue/.pico-sdk/sdk/2.1.1/src/rp2_common/pico_bootrom/bootrom.c.obj
                0x10000f48                rom_func_lookup
 .text.runtime_init_bootrom_locking_enable
                0x10000f60       0x14 CMakeFiles/firmware.dir/C_/Users/nahue/.pico-sdk/sdk/2.1.1/src/rp2_common/pico_bootrom/bootrom_lock.c.obj
                0x10000f60                runtime_init_bootrom_locking_enable
 .text.runtime_init_boot_locks_reset
                0x10000f74       0x1c CMakeFiles/firmware.dir/C_/Users/nahue/.pico-sdk/sdk/2.1.1/src/rp2_common/hardware_boot_lock/boot_lock.c.obj
                0x10000f74                runtime_init_boot_locks_reset
 .text.xosc_init
                0x10000f90       0x30 CMakeFiles/firmware.dir/C_/Users/nahue/.pico-sdk/sdk/2.1.1/src/rp2_common/hardware_xosc/xosc.c.obj
                0x10000f90                xosc_init
 .text.first_per_core_initializer
                0x10000fc0        0x4 CMakeFiles/firmware.dir/C_/Users/nahue/.pico-sdk/sdk/2.1.1/src/rp2_common/pico_runtime/runtime.c.obj
 .text.hard_assertion_failure
                0x10000fc4        0xc CMakeFiles/firmware.dir/C_/Users/nahue/.pico-sdk/sdk/2.1.1/src/rp2_common/pico_runtime/runtime.c.obj
                0x10000fc4                hard_assertion_failure
 .text.runtime_run_initializers
                0x10000fd0       0x20 CMakeFiles/firmware.dir/C_/Users/nahue/.pico-sdk/sdk/2.1.1/src/rp2_common/pico_runtime/runtime.c.obj
                0x10000fd0                runtime_run_initializers
 .text.runtime_init_early_resets
                0x10000ff0       0x34 CMakeFiles/firmware.dir/C_/Users/nahue/.pico-sdk/sdk/2.1.1/src/rp2_common/pico_runtime_init/runtime_init.c.obj
                0x10000ff0                runtime_init_early_resets
 .text.runtime_init_usb_power_down
                0x10001024       0x1c CMakeFiles/firmware.dir/C_/Users/nahue/.pico-sdk/sdk/2.1.1/src/rp2_common/pico_runtime_init/runtime_init.c.obj
                0x10001024                runtime_init_usb_power_down
 .text.runtime_init_per_core_enable_coprocessors
                0x10001040       0x1c CMakeFiles/firmware.dir/C_/Users/nahue/.pico-sdk/sdk/2.1.1/src/rp2_common/pico_runtime_init/runtime_init.c.obj
                0x10001040                runtime_init_per_core_enable_coprocessors
 .text.runtime_init_post_clock_resets
                0x1000105c       0x20 CMakeFiles/firmware.dir/C_/Users/nahue/.pico-sdk/sdk/2.1.1/src/rp2_common/pico_runtime_init/runtime_init.c.obj
                0x1000105c                runtime_init_post_clock_resets
 .text.runtime_init_bootrom_reset
                0x1000107c       0x14 CMakeFiles/firmware.dir/C_/Users/nahue/.pico-sdk/sdk/2.1.1/src/rp2_common/pico_runtime_init/runtime_init.c.obj
                0x1000107c                runtime_init_bootrom_reset
 .text.runtime_init_per_core_bootrom_reset
                0x10001090       0x14 CMakeFiles/firmware.dir/C_/Users/nahue/.pico-sdk/sdk/2.1.1/src/rp2_common/pico_runtime_init/runtime_init.c.obj
                0x10001090                runtime_init_per_core_bootrom_reset
 .text.runtime_init_spin_locks_reset
                0x100010a4        0x4 CMakeFiles/firmware.dir/C_/Users/nahue/.pico-sdk/sdk/2.1.1/src/rp2_common/pico_runtime_init/runtime_init.c.obj
                0x100010a4                runtime_init_spin_locks_reset
 .text.runtime_init_install_ram_vector_table
                0x100010a8       0x20 CMakeFiles/firmware.dir/C_/Users/nahue/.pico-sdk/sdk/2.1.1/src/rp2_common/pico_runtime_init/runtime_init.c.obj
                0x100010a8                runtime_init_install_ram_vector_table
 .text.runtime_init_clocks
                0x100010c8       0xdc CMakeFiles/firmware.dir/C_/Users/nahue/.pico-sdk/sdk/2.1.1/src/rp2_common/pico_runtime_init/runtime_init_clocks.c.obj
                0x100010c8                runtime_init_clocks
 .text.__rp2350_dcp_engaged_state_save_restore
                0x100011a4       0x3a CMakeFiles/firmware.dir/C_/Users/nahue/.pico-sdk/sdk/2.1.1/src/rp2_common/pico_double/double_aeabi_dcp.S.obj
 *fill*         0x100011de        0x2 
 .text.__wrap___aeabi_dadd
                0x100011e0       0x28 CMakeFiles/firmware.dir/C_/Users/nahue/.pico-sdk/sdk/2.1.1/src/rp2_common/pico_double/double_aeabi_dcp.S.obj
                0x100011e8                __wrap___aeabi_dadd
 .text.__wrap___aeabi_dsub
                0x10001208       0x28 CMakeFiles/firmware.dir/C_/Users/nahue/.pico-sdk/sdk/2.1.1/src/rp2_common/pico_double/double_aeabi_dcp.S.obj
                0x10001210                __wrap___aeabi_dsub
 .text.__wrap___aeabi_dmul
                0x10001230       0x4c CMakeFiles/firmware.dir/C_/Users/nahue/.pico-sdk/sdk/2.1.1/src/rp2_common/pico_double/double_aeabi_dcp.S.obj
                0x10001238                __wrap___aeabi_dmul
 .text.__wrap___aeabi_ddiv
                0x1000127c       0x9c CMakeFiles/firmware.dir/C_/Users/nahue/.pico-sdk/sdk/2.1.1/src/rp2_common/pico_double/double_aeabi_dcp.S.obj
                0x10001284                __wrap___aeabi_ddiv
 .text.__wrap___aeabi_d2f
                0x10001318       0x1c CMakeFiles/firmware.dir/C_/Users/nahue/.pico-sdk/sdk/2.1.1/src/rp2_common/pico_double/double_aeabi_dcp.S.obj
                0x10001320                __wrap___aeabi_d2f
                0x10001320                double2float
 .text.__wrap___aeabi_i2d
                0x10001334       0x24 CMakeFiles/firmware.dir/C_/Users/nahue/.pico-sdk/sdk/2.1.1/src/rp2_common/pico_double/double_aeabi_dcp.S.obj
                0x1000133c                int2double
                0x1000133c                __wrap___aeabi_i2d
 .text.__wrap___aeabi_ui2d
                0x10001358       0x24 CMakeFiles/firmware.dir/C_/Users/nahue/.pico-sdk/sdk/2.1.1/src/rp2_common/pico_double/double_aeabi_dcp.S.obj
                0x10001360                uint2double
                0x10001360                __wrap___aeabi_ui2d
 .text.__wrap___aeabi_d2iz
                0x1000137c       0x24 CMakeFiles/firmware.dir/C_/Users/nahue/.pico-sdk/sdk/2.1.1/src/rp2_common/pico_double/double_aeabi_dcp.S.obj
                0x10001384                double2int_z
                0x10001384                __wrap___aeabi_d2iz
 .text.__wrap___aeabi_d2uiz
                0x100013a0       0x24 CMakeFiles/firmware.dir/C_/Users/nahue/.pico-sdk/sdk/2.1.1/src/rp2_common/pico_double/double_aeabi_dcp.S.obj
                0x100013a8                double2uint
                0x100013a8                __wrap___aeabi_d2uiz
                0x100013a8                double2uint_z
 .text.__wrap___aeabi_dcmpun
                0x100013c4       0x24 CMakeFiles/firmware.dir/C_/Users/nahue/.pico-sdk/sdk/2.1.1/src/rp2_common/pico_double/double_aeabi_dcp.S.obj
                0x100013cc                __wrap___aeabi_dcmpun
 .text.__wrap___aeabi_dcmplt
                0x100013e8       0x28 CMakeFiles/firmware.dir/C_/Users/nahue/.pico-sdk/sdk/2.1.1/src/rp2_common/pico_double/double_aeabi_dcp.S.obj
                0x100013f0                __wrap___aeabi_dcmplt
 .text.__wrap___aeabi_dcmple
                0x10001410       0x28 CMakeFiles/firmware.dir/C_/Users/nahue/.pico-sdk/sdk/2.1.1/src/rp2_common/pico_double/double_aeabi_dcp.S.obj
                0x10001418                __wrap___aeabi_dcmple
 .text.__wrap___aeabi_dcmpge
                0x10001438       0x28 CMakeFiles/firmware.dir/C_/Users/nahue/.pico-sdk/sdk/2.1.1/src/rp2_common/pico_double/double_aeabi_dcp.S.obj
                0x10001440                __wrap___aeabi_dcmpge
 .text.__wrap___aeabi_dcmpgt
                0x10001460       0x28 CMakeFiles/firmware.dir/C_/Users/nahue/.pico-sdk/sdk/2.1.1/src/rp2_common/pico_double/double_aeabi_dcp.S.obj
                0x10001468                __wrap___aeabi_dcmpgt
 .text.__wrap_malloc
                0x10001488       0x24 CMakeFiles/firmware.dir/C_/Users/nahue/.pico-sdk/sdk/2.1.1/src/rp2_common/pico_malloc/malloc.c.obj
                0x10001488                __wrap_malloc
 .text.__wrap_free
                0x100014ac        0x4 CMakeFiles/firmware.dir/C_/Users/nahue/.pico-sdk/sdk/2.1.1/src/rp2_common/pico_malloc/malloc.c.obj
                0x100014ac                __wrap_free
 .text._out_null
                0x100014b0        0x4 CMakeFiles/firmware.dir/C_/Users/nahue/.pico-sdk/sdk/2.1.1/src/rp2_common/pico_printf/printf.c.obj
 .text._out_rev
                0x100014b4       0x9c CMakeFiles/firmware.dir/C_/Users/nahue/.pico-sdk/sdk/2.1.1/src/rp2_common/pico_printf/printf.c.obj
 .text._ntoa_format
                0x10001550      0x1d4 CMakeFiles/firmware.dir/C_/Users/nahue/.pico-sdk/sdk/2.1.1/src/rp2_common/pico_printf/printf.c.obj
 .text._out_char
                0x10001724        0x8 CMakeFiles/firmware.dir/C_/Users/nahue/.pico-sdk/sdk/2.1.1/src/rp2_common/pico_printf/printf.c.obj
 .text._out_fct
                0x1000172c        0xc CMakeFiles/firmware.dir/C_/Users/nahue/.pico-sdk/sdk/2.1.1/src/rp2_common/pico_printf/printf.c.obj
 .text._ftoa    0x10001738      0x4bc CMakeFiles/firmware.dir/C_/Users/nahue/.pico-sdk/sdk/2.1.1/src/rp2_common/pico_printf/printf.c.obj
 *fill*         0x10001bf4        0x4 
 .text._etoa    0x10001bf8      0x574 CMakeFiles/firmware.dir/C_/Users/nahue/.pico-sdk/sdk/2.1.1/src/rp2_common/pico_printf/printf.c.obj
 .text._vsnprintf
                0x1000216c      0x9e4 CMakeFiles/firmware.dir/C_/Users/nahue/.pico-sdk/sdk/2.1.1/src/rp2_common/pico_printf/printf.c.obj
 .text.vfctprintf
                0x10002b50       0x28 CMakeFiles/firmware.dir/C_/Users/nahue/.pico-sdk/sdk/2.1.1/src/rp2_common/pico_printf/printf.c.obj
                0x10002b50                vfctprintf
 .text.weak_raw_vprintf
                0x10002b78       0x30 CMakeFiles/firmware.dir/C_/Users/nahue/.pico-sdk/sdk/2.1.1/src/rp2_common/pico_printf/printf.c.obj
                0x10002b78                weak_raw_vprintf
 .text._exit    0x10002ba8        0x4 CMakeFiles/firmware.dir/C_/Users/nahue/.pico-sdk/sdk/2.1.1/src/rp2_common/pico_clib_interface/newlib_interface.c.obj
                0x10002ba8                _exit
 .text._sbrk    0x10002bac       0x2c CMakeFiles/firmware.dir/C_/Users/nahue/.pico-sdk/sdk/2.1.1/src/rp2_common/pico_clib_interface/newlib_interface.c.obj
                0x10002bac                _sbrk
 .text.exit     0x10002bd8        0x8 CMakeFiles/firmware.dir/C_/Users/nahue/.pico-sdk/sdk/2.1.1/src/rp2_common/pico_clib_interface/newlib_interface.c.obj
                0x10002bd8                exit
 .text.runtime_init
                0x10002be0       0x24 CMakeFiles/firmware.dir/C_/Users/nahue/.pico-sdk/sdk/2.1.1/src/rp2_common/pico_clib_interface/newlib_interface.c.obj
                0x10002be0                runtime_init
 .text.stdio_out_chars_no_crlf
                0x10002c04        0x8 CMakeFiles/firmware.dir/C_/Users/nahue/.pico-sdk/sdk/2.1.1/src/rp2_common/pico_stdio/stdio.c.obj
 .text.stdio_out_chars_crlf
                0x10002c0c       0xb0 CMakeFiles/firmware.dir/C_/Users/nahue/.pico-sdk/sdk/2.1.1/src/rp2_common/pico_stdio/stdio.c.obj
 .text.stdio_buffered_printer
                0x10002cbc       0x60 CMakeFiles/firmware.dir/C_/Users/nahue/.pico-sdk/sdk/2.1.1/src/rp2_common/pico_stdio/stdio.c.obj
 .text.stdio_put_string
                0x10002d1c       0xec CMakeFiles/firmware.dir/C_/Users/nahue/.pico-sdk/sdk/2.1.1/src/rp2_common/pico_stdio/stdio.c.obj
                0x10002d1c                stdio_put_string
 .text.stdio_init_all
                0x10002e08        0x4 CMakeFiles/firmware.dir/C_/Users/nahue/.pico-sdk/sdk/2.1.1/src/rp2_common/pico_stdio/stdio.c.obj
                0x10002e08                stdio_init_all
 .text.__wrap_putchar
                0x10002e0c       0x84 CMakeFiles/firmware.dir/C_/Users/nahue/.pico-sdk/sdk/2.1.1/src/rp2_common/pico_stdio/stdio.c.obj
                0x10002e0c                __wrap_putchar
                0x10002e0c                stdio_putchar
 .text.__wrap_puts
                0x10002e90       0x3c CMakeFiles/firmware.dir/C_/Users/nahue/.pico-sdk/sdk/2.1.1/src/rp2_common/pico_stdio/stdio.c.obj
                0x10002e90                stdio_puts
                0x10002e90                __wrap_puts
 .text.__wrap_vprintf
                0x10002ecc       0xc4 CMakeFiles/firmware.dir/C_/Users/nahue/.pico-sdk/sdk/2.1.1/src/rp2_common/pico_stdio/stdio.c.obj
                0x10002ecc                stdio_vprintf
                0x10002ecc                __wrap_vprintf
 .text.__wrap_printf
                0x10002f90       0x1c CMakeFiles/firmware.dir/C_/Users/nahue/.pico-sdk/sdk/2.1.1/src/rp2_common/pico_stdio/stdio.c.obj
                0x10002f90                __wrap_printf
                0x10002f90                stdio_printf
 .text.exception_set_exclusive_handler
                0x10002fac       0x4c CMakeFiles/firmware.dir/C_/Users/nahue/.pico-sdk/sdk/2.1.1/src/rp2_common/hardware_exception/exception.c.obj
                0x10002fac                exception_set_exclusive_handler
 .text.i2c_write_blocking_internal.constprop.0
                0x10002ff8       0x9c CMakeFiles/firmware.dir/C_/Users/nahue/.pico-sdk/sdk/2.1.1/src/rp2_common/hardware_i2c/i2c.c.obj
 .text.i2c_set_baudrate
                0x10003094       0xa4 CMakeFiles/firmware.dir/C_/Users/nahue/.pico-sdk/sdk/2.1.1/src/rp2_common/hardware_i2c/i2c.c.obj
                0x10003094                i2c_set_baudrate
 .text.i2c_init
                0x10003138       0x4c CMakeFiles/firmware.dir/C_/Users/nahue/.pico-sdk/sdk/2.1.1/src/rp2_common/hardware_i2c/i2c.c.obj
                0x10003138                i2c_init
 .text.i2c_write_blocking
                0x10003184       0x10 CMakeFiles/firmware.dir/C_/Users/nahue/.pico-sdk/sdk/2.1.1/src/rp2_common/hardware_i2c/i2c.c.obj
                0x10003184                i2c_write_blocking
 .text.adc_init
                0x10003194       0x30 CMakeFiles/firmware.dir/C_/Users/nahue/.pico-sdk/sdk/2.1.1/src/rp2_common/hardware_adc/adc.c.obj
                0x10003194                adc_init
 .text.prvAddNewTaskToReadyList
                0x100031c4      0x118 freertos/libfreertos.a(tasks.c.obj)
 .text.prvIdleTask
                0x100032dc       0x5c freertos/libfreertos.a(tasks.c.obj)
 .text.xTaskIncrementTick.part.0
                0x10003338      0x15c freertos/libfreertos.a(tasks.c.obj)
 .text.xTaskCreate
                0x10003494      0x104 freertos/libfreertos.a(tasks.c.obj)
                0x10003494                xTaskCreate
 .text.vTaskDelete
                0x10003598       0xbc freertos/libfreertos.a(tasks.c.obj)
                0x10003598                vTaskDelete
 .text.vTaskStartScheduler
                0x10003654       0xc0 freertos/libfreertos.a(tasks.c.obj)
                0x10003654                vTaskStartScheduler
 .text.vTaskSuspendAll
                0x10003714       0x10 freertos/libfreertos.a(tasks.c.obj)
                0x10003714                vTaskSuspendAll
 .text.xTaskResumeAll
                0x10003724      0x180 freertos/libfreertos.a(tasks.c.obj)
                0x10003724                xTaskResumeAll
 .text.vTaskDelay
                0x100038a4       0x84 freertos/libfreertos.a(tasks.c.obj)
                0x100038a4                vTaskDelay
 .text.xTaskGetTickCount
                0x10003928        0xc freertos/libfreertos.a(tasks.c.obj)
                0x10003928                xTaskGetTickCount
 .text.xTaskIncrementTick
                0x10003934       0x20 freertos/libfreertos.a(tasks.c.obj)
                0x10003934                xTaskIncrementTick
 .text.vTaskSwitchContext
                0x10003954       0xa4 freertos/libfreertos.a(tasks.c.obj)
                0x10003954                vTaskSwitchContext
 .text.vTaskPlaceOnEventList
                0x100039f8       0x98 freertos/libfreertos.a(tasks.c.obj)
                0x100039f8                vTaskPlaceOnEventList
 .text.vTaskPlaceOnEventListRestricted
                0x10003a90       0xcc freertos/libfreertos.a(tasks.c.obj)
                0x10003a90                vTaskPlaceOnEventListRestricted
 .text.xTaskRemoveFromEventList
                0x10003b5c       0xd0 freertos/libfreertos.a(tasks.c.obj)
                0x10003b5c                xTaskRemoveFromEventList
 .text.vTaskInternalSetTimeOutState
                0x10003c2c       0x18 freertos/libfreertos.a(tasks.c.obj)
                0x10003c2c                vTaskInternalSetTimeOutState
 .text.xTaskCheckForTimeOut
                0x10003c44       0x60 freertos/libfreertos.a(tasks.c.obj)
                0x10003c44                xTaskCheckForTimeOut
 .text.vTaskMissedYield
                0x10003ca4        0xc freertos/libfreertos.a(tasks.c.obj)
                0x10003ca4                vTaskMissedYield
 .text.prvTimerTask
                0x10003cb0      0x350 freertos/libfreertos.a(timers.c.obj)
 .text.xTimerCreateTimerTask
                0x10004000       0x84 freertos/libfreertos.a(timers.c.obj)
                0x10004000                xTimerCreateTimerTask
 .text.pvPortMalloc
                0x10004084       0x18 freertos/libfreertos.a(heap_3.c.obj)
                0x10004084                pvPortMalloc
 .text.vPortFree
                0x1000409c       0x1c freertos/libfreertos.a(heap_3.c.obj)
                0x1000409c                vPortFree
 .text.prvTaskExitError
                0x100040b8       0x18 freertos/libfreertos.a(port.c.obj)
 .text.isr_systick
                0x100040d0       0x24 freertos/libfreertos.a(port.c.obj)
                0x100040d0                isr_systick
 .text.vPortSetupTimerInterrupt
                0x100040f4       0x2c freertos/libfreertos.a(port.c.obj)
                0x100040f4                vPortSetupTimerInterrupt
 .text.vPortYield
                0x10004120       0x18 freertos/libfreertos.a(port.c.obj)
                0x10004120                vPortYield
 .text.vPortEnterCritical
                0x10004138       0x1c freertos/libfreertos.a(port.c.obj)
                0x10004138                vPortEnterCritical
 .text.vPortExitCritical
                0x10004154       0x18 freertos/libfreertos.a(port.c.obj)
                0x10004154                vPortExitCritical
 .text.vPortSVCHandler_C
                0x1000416c       0x2c freertos/libfreertos.a(port.c.obj)
                0x1000416c                vPortSVCHandler_C
 .text.pxPortInitialiseStack
                0x10004198       0x78 freertos/libfreertos.a(port.c.obj)
                0x10004198                pxPortInitialiseStack
 .text.xPortStartScheduler
                0x10004210       0xdc freertos/libfreertos.a(port.c.obj)
                0x10004210                xPortStartScheduler
 .text.startup.prvRuntimeInitializer
                0x100042ec       0x24 freertos/libfreertos.a(port.c.obj)
 .text.vRestoreContextOfFirstTask
                0x10004310       0x2c freertos/libfreertos.a(portasm.c.obj)
                0x10004310                vRestoreContextOfFirstTask
 .text.vStartFirstTask
                0x1000433c       0x10 freertos/libfreertos.a(portasm.c.obj)
                0x1000433c                vStartFirstTask
 .text.ulSetInterruptMask
                0x1000434c       0x18 freertos/libfreertos.a(portasm.c.obj)
                0x1000434c                ulSetInterruptMask
 .text.vClearInterruptMask
                0x10004364       0x10 freertos/libfreertos.a(portasm.c.obj)
                0x10004364                vClearInterruptMask
 .text.isr_pendsv
                0x10004374       0x80 freertos/libfreertos.a(portasm.c.obj)
                0x10004374                isr_pendsv
 .text.isr_svcall
                0x100043f4       0x18 freertos/libfreertos.a(portasm.c.obj)
                0x100043f4                isr_svcall
 .text.xEventGroupCreate
                0x1000440c       0x1c freertos/libfreertos.a(event_groups.c.obj)
                0x1000440c                xEventGroupCreate
 .text.vListInitialise
                0x10004428       0x18 freertos/libfreertos.a(list.c.obj)
                0x10004428                vListInitialise
 .text.vListInitialiseItem
                0x10004440        0x8 freertos/libfreertos.a(list.c.obj)
                0x10004440                vListInitialiseItem
 .text.vListInsertEnd
                0x10004448       0x1c freertos/libfreertos.a(list.c.obj)
                0x10004448                vListInsertEnd
 .text.vListInsert
                0x10004464       0x30 freertos/libfreertos.a(list.c.obj)
                0x10004464                vListInsert
 .text.uxListRemove
                0x10004494       0x28 freertos/libfreertos.a(list.c.obj)
                0x10004494                uxListRemove
 .text.xQueueGenericCreate
                0x100044bc       0x78 freertos/libfreertos.a(queue.c.obj)
                0x100044bc                xQueueGenericCreate
 .text.xQueueReceive
                0x10004534      0x288 freertos/libfreertos.a(queue.c.obj)
                0x10004534                xQueueReceive
 .text.vQueueAddToRegistry
                0x100047bc      0x180 freertos/libfreertos.a(queue.c.obj)
                0x100047bc                vQueueAddToRegistry
 .text.vQueueWaitForMessageRestricted
                0x1000493c       0xc8 freertos/libfreertos.a(queue.c.obj)
                0x1000493c                vQueueWaitForMessageRestricted
 .text.pwm_init_config
                0x10004a04       0x84 pwm_lib/libpwm_lib.a(pwm_lib.c.obj)
                0x10004a04                pwm_init_config
 .text.lcd_send_byte
                0x10004a88      0x100 lcd/liblcd.a(lcd.c.obj)
 .text.lcd_clear
                0x10004b88        0x8 lcd/liblcd.a(lcd.c.obj)
                0x10004b88                lcd_clear
 .text.lcd_set_cursor
                0x10004b90       0x30 lcd/liblcd.a(lcd.c.obj)
                0x10004b90                lcd_set_cursor
 .text.lcd_string
                0x10004bc0       0x18 lcd/liblcd.a(lcd.c.obj)
                0x10004bc0                lcd_string
 .text.lcd_init
                0x10004bd8       0x5c lcd/liblcd.a(lcd.c.obj)
                0x10004bd8                lcd_init
 .text.hc_sr04_init
                0x10004c34       0x30 HC_SR04/libHC_SR04.a(HC_SR04.c.obj)
                0x10004c34                hc_sr04_init
 *fill*         0x10004c64        0x4 
 .text.hc_sr04_get_distance_cm
                0x10004c68       0xe0 HC_SR04/libHC_SR04.a(HC_SR04.c.obj)
                0x10004c68                hc_sr04_get_distance_cm
 .text.malloc   0x10004d48       0x10 C:/Users/nahue/.pico-sdk/toolchain/14_2_Rel1/bin/../lib/gcc/arm-none-eabi/14.2.1/thumb/v8-m.main+fp/softfp\libg.a(libc_a-malloc.o)
                0x10004d48                malloc
 .text.free     0x10004d58       0x10 C:/Users/nahue/.pico-sdk/toolchain/14_2_Rel1/bin/../lib/gcc/arm-none-eabi/14.2.1/thumb/v8-m.main+fp/softfp\libg.a(libc_a-malloc.o)
                0x10004d58                free
 .text._malloc_r
                0x10004d68      0x578 C:/Users/nahue/.pico-sdk/toolchain/14_2_Rel1/bin/../lib/gcc/arm-none-eabi/14.2.1/thumb/v8-m.main+fp/softfp\libg.a(libc_a-mallocr.o)
                0x10004d68                _malloc_r
 .text.__malloc_lock
                0x100052e0        0xc C:/Users/nahue/.pico-sdk/toolchain/14_2_Rel1/bin/../lib/gcc/arm-none-eabi/14.2.1/thumb/v8-m.main+fp/softfp\libg.a(libc_a-mlock.o)
                0x100052e0                __malloc_lock
 .text.__malloc_unlock
                0x100052ec        0xc C:/Users/nahue/.pico-sdk/toolchain/14_2_Rel1/bin/../lib/gcc/arm-none-eabi/14.2.1/thumb/v8-m.main+fp/softfp\libg.a(libc_a-mlock.o)
                0x100052ec                __malloc_unlock
 .text.memset   0x100052f8       0x9c C:/Users/nahue/.pico-sdk/toolchain/14_2_Rel1/bin/../lib/gcc/arm-none-eabi/14.2.1/thumb/v8-m.main+fp/softfp\libg.a(libc_a-memset.o)
                0x100052f8                memset
 .text._sbrk_r  0x10005394       0x24 C:/Users/nahue/.pico-sdk/toolchain/14_2_Rel1/bin/../lib/gcc/arm-none-eabi/14.2.1/thumb/v8-m.main+fp/softfp\libg.a(libc_a-sbrkr.o)
                0x10005394                _sbrk_r
 .text.__errno  0x100053b8        0xc C:/Users/nahue/.pico-sdk/toolchain/14_2_Rel1/bin/../lib/gcc/arm-none-eabi/14.2.1/thumb/v8-m.main+fp/softfp\libg.a(libc_a-errno.o)
                0x100053b8                __errno
 .text.__retarget_lock_acquire_recursive
                0x100053c4        0x4 C:/Users/nahue/.pico-sdk/toolchain/14_2_Rel1/bin/../lib/gcc/arm-none-eabi/14.2.1/thumb/v8-m.main+fp/softfp\libg.a(libc_a-lock.o)
                0x100053c4                __retarget_lock_acquire_recursive
 .text.__retarget_lock_release_recursive
                0x100053c8        0x4 C:/Users/nahue/.pico-sdk/toolchain/14_2_Rel1/bin/../lib/gcc/arm-none-eabi/14.2.1/thumb/v8-m.main+fp/softfp\libg.a(libc_a-lock.o)
                0x100053c8                __retarget_lock_release_recursive
 .text.sysconf  0x100053cc       0x1c C:/Users/nahue/.pico-sdk/toolchain/14_2_Rel1/bin/../lib/gcc/arm-none-eabi/14.2.1/thumb/v8-m.main+fp/softfp\libg.a(libc_a-sysconf.o)
                0x100053cc                sysconf
 .text          0x100053e8       0xec C:/Users/nahue/.pico-sdk/toolchain/14_2_Rel1/bin/../lib/gcc/arm-none-eabi/14.2.1/thumb/v8-m.main+fp/softfp\libg.a(libc_a-memcpy.o)
                0x100053e8                memcpy
 .text.strlen   0x100054d4       0x5c C:/Users/nahue/.pico-sdk/toolchain/14_2_Rel1/bin/../lib/gcc/arm-none-eabi/14.2.1/thumb/v8-m.main+fp/softfp\libg.a(libc_a-strlen-stub.o)
                0x100054d4                strlen
 .text._malloc_trim_r
                0x10005530       0xb8 C:/Users/nahue/.pico-sdk/toolchain/14_2_Rel1/bin/../lib/gcc/arm-none-eabi/14.2.1/thumb/v8-m.main+fp/softfp\libg.a(libc_a-freer.o)
                0x10005530                _malloc_trim_r
 .text._free_r  0x100055e8      0x1e8 C:/Users/nahue/.pico-sdk/toolchain/14_2_Rel1/bin/../lib/gcc/arm-none-eabi/14.2.1/thumb/v8-m.main+fp/softfp\libg.a(libc_a-freer.o)
                0x100055e8                _free_r
 *(.fini)
 .fini          0x100057d0        0x4 C:/Users/nahue/.pico-sdk/toolchain/14_2_Rel1/bin/../lib/gcc/arm-none-eabi/14.2.1/thumb/v8-m.main+fp/softfp/crti.o
                0x100057d0                _fini
 *fill*         0x100057d4        0x4 
 .fini.__stub   0x100057d8       0x20 linker stubs
 *crtbegin.o(.ctors)
 *crtbegin?.o(.ctors)
 *(EXCLUDE_FILE(*crtend.o *crtend?.o) .ctors)
 *(SORT_BY_NAME(.ctors.*))
 *(.ctors)
 *crtbegin.o(.dtors)
 *crtbegin?.o(.dtors)
 *(EXCLUDE_FILE(*crtend.o *crtend?.o) .dtors)
 *(SORT_BY_NAME(.dtors.*))
 *(.dtors)
                0x100057f8                        . = ALIGN (0x4)
                0x100057f8                        PROVIDE (__preinit_array_start = .)
 *(SORT_BY_NAME(.preinit_array.*))
 .preinit_array.00050
                0x100057f8        0x4 CMakeFiles/firmware.dir/C_/Users/nahue/.pico-sdk/sdk/2.1.1/src/rp2_common/pico_runtime_init/runtime_init.c.obj
                0x100057f8                __pre_init_runtime_init_bootrom_reset
 .preinit_array.00100
                0x100057fc        0x4 CMakeFiles/firmware.dir/C_/Users/nahue/.pico-sdk/sdk/2.1.1/src/rp2_common/pico_runtime_init/runtime_init.c.obj
                0x100057fc                __pre_init_runtime_init_early_resets
 .preinit_array.00101
                0x10005800        0x4 CMakeFiles/firmware.dir/C_/Users/nahue/.pico-sdk/sdk/2.1.1/src/rp2_common/pico_runtime_init/runtime_init.c.obj
                0x10005800                __pre_init_runtime_init_usb_power_down
 .preinit_array.00500
                0x10005804        0x4 CMakeFiles/firmware.dir/C_/Users/nahue/.pico-sdk/sdk/2.1.1/src/rp2_common/pico_runtime_init/runtime_init.c.obj
                0x10005804                __pre_init_runtime_init_clocks
 .preinit_array.00600
                0x10005808        0x4 CMakeFiles/firmware.dir/C_/Users/nahue/.pico-sdk/sdk/2.1.1/src/rp2_common/pico_runtime_init/runtime_init.c.obj
                0x10005808                __pre_init_runtime_init_post_clock_resets
 .preinit_array.01000
                0x1000580c        0x4 CMakeFiles/firmware.dir/C_/Users/nahue/.pico-sdk/sdk/2.1.1/src/rp2_common/hardware_boot_lock/boot_lock.c.obj
                0x1000580c                __pre_init_runtime_init_boot_locks_reset
 .preinit_array.01000
                0x10005810        0x4 CMakeFiles/firmware.dir/C_/Users/nahue/.pico-sdk/sdk/2.1.1/src/rp2_common/pico_runtime_init/runtime_init.c.obj
                0x10005810                __pre_init_runtime_init_spin_locks_reset
 .preinit_array.01010
                0x10005814        0x4 CMakeFiles/firmware.dir/C_/Users/nahue/.pico-sdk/sdk/2.1.1/src/rp2_common/pico_bootrom/bootrom_lock.c.obj
                0x10005814                __pre_init_runtime_init_bootrom_locking_enable
 .preinit_array.01100
                0x10005818        0x4 CMakeFiles/firmware.dir/C_/Users/nahue/.pico-sdk/sdk/2.1.1/src/common/pico_sync/mutex.c.obj
                0x10005818                __pre_init_runtime_init_mutex
 .preinit_array.10080
                0x1000581c        0x4 CMakeFiles/firmware.dir/C_/Users/nahue/.pico-sdk/sdk/2.1.1/src/rp2_common/pico_runtime_init/runtime_init.c.obj
                0x1000581c                __pre_init_runtime_init_install_ram_vector_table
 .preinit_array.11000
                0x10005820        0x4 CMakeFiles/firmware.dir/C_/Users/nahue/.pico-sdk/sdk/2.1.1/src/common/pico_time/time.c.obj
                0x10005820                __pre_init_runtime_init_default_alarm_pool
 .preinit_array.YYYYY
                0x10005824        0x4 CMakeFiles/firmware.dir/C_/Users/nahue/.pico-sdk/sdk/2.1.1/src/rp2_common/pico_runtime/runtime.c.obj
                0x10005824                __pre_init_first_per_core_initializer
 .preinit_array.ZZZZZ.00051
                0x10005828        0x4 CMakeFiles/firmware.dir/C_/Users/nahue/.pico-sdk/sdk/2.1.1/src/rp2_common/pico_runtime_init/runtime_init.c.obj
                0x10005828                __pre_init_runtime_init_per_core_bootrom_reset
 .preinit_array.ZZZZZ.00200
                0x1000582c        0x4 CMakeFiles/firmware.dir/C_/Users/nahue/.pico-sdk/sdk/2.1.1/src/rp2_common/pico_runtime_init/runtime_init.c.obj
                0x1000582c                __pre_init_runtime_init_per_core_enable_coprocessors
 .preinit_array.ZZZZZ.01000
                0x10005830        0x4 CMakeFiles/firmware.dir/C_/Users/nahue/.pico-sdk/sdk/2.1.1/src/rp2_common/hardware_sync_spin_lock/sync_spin_lock.c.obj
                0x10005830                __pre_init_spinlock_set_extexclall
 .preinit_array.ZZZZZ.01200
                0x10005834        0x4 CMakeFiles/firmware.dir/C_/Users/nahue/.pico-sdk/sdk/2.1.1/src/rp2_common/hardware_irq/irq.c.obj
                0x10005834                __pre_init_runtime_init_per_core_irq_priorities
 *(.preinit_array)
                0x10005838                        PROVIDE (__preinit_array_end = .)
                0x10005838                        . = ALIGN (0x4)
                0x10005838                        PROVIDE (__init_array_start = .)
 *(SORT_BY_NAME(.init_array.*))
 *(.init_array)
 .init_array    0x10005838        0x4 C:/Users/nahue/.pico-sdk/toolchain/14_2_Rel1/bin/../lib/gcc/arm-none-eabi/14.2.1/thumb/v8-m.main+fp/softfp/crtbegin.o
 .init_array    0x1000583c        0x4 freertos/libfreertos.a(port.c.obj)
                0x10005840                        PROVIDE (__init_array_end = .)
                0x10005840                        . = ALIGN (0x4)
                [!provide]                        PROVIDE (__fini_array_start = .)
 *(SORT_BY_NAME(.fini_array.*))
 *(.fini_array)
                [!provide]                        PROVIDE (__fini_array_end = .)
 *(.eh_frame*)
 .eh_frame      0x10005840        0x0 C:/Users/nahue/.pico-sdk/toolchain/14_2_Rel1/bin/../lib/gcc/arm-none-eabi/14.2.1/thumb/v8-m.main+fp/softfp/crtbegin.o
                0x10005840                        . = ALIGN (0x4)

.glue_7         0x10005840        0x0
 .glue_7        0x10005840        0x0 linker stubs

.glue_7t        0x10005840        0x0
 .glue_7t       0x10005840        0x0 linker stubs

.vfp11_veneer   0x10005840        0x0
 .vfp11_veneer  0x10005840        0x0 linker stubs

.v4_bx          0x10005840        0x0
 .v4_bx         0x10005840        0x0 linker stubs

.iplt           0x10005840        0x0
 .iplt          0x10005840        0x0 C:/Users/nahue/.pico-sdk/toolchain/14_2_Rel1/bin/../lib/gcc/arm-none-eabi/14.2.1/thumb/v8-m.main+fp/softfp/crtbegin.o

.boot2          0x10005840        0x0
                0x10005840                        __boot2_start__ = .
 *(.boot2)
                0x10005840                        __boot2_end__ = .
                0x00000001                        ASSERT (((__boot2_end__ - __boot2_start__) <= 0x100), ERROR: Pico second stage bootloader must be no more than 256 bytes in size)

.rodata         0x10005840      0x1f8
 *(EXCLUDE_FILE(*libm.a: *libc.a:*lib_a-mem*.o *libgcc.a:) .rodata*)
 .rodata.task_hcsr04.str1.4
                0x10005840      0x130 CMakeFiles/firmware.dir/firmware.c.obj
                                 0x30 (size before relaxing)
 .rodata.task_init.str1.4
                0x10005970       0x21 CMakeFiles/firmware.dir/firmware.c.obj
 .rodata.main.str1.4
                0x10005970       0x1c CMakeFiles/firmware.dir/firmware.c.obj
 .rodata.panic.str1.4
                0x10005970       0x12 CMakeFiles/firmware.dir/C_/Users/nahue/.pico-sdk/sdk/2.1.1/src/rp2_common/pico_platform_panic/panic.c.obj
 .rodata.timer_hardware_alarm_claim.str1.4
                0x10005970       0x22 CMakeFiles/firmware.dir/C_/Users/nahue/.pico-sdk/sdk/2.1.1/src/rp2_common/hardware_timer/timer.c.obj
 .rodata.hard_assertion_failure.str1.4
                0x10005970        0xc CMakeFiles/firmware.dir/C_/Users/nahue/.pico-sdk/sdk/2.1.1/src/rp2_common/pico_runtime/runtime.c.obj
 .rodata.__wrap_malloc.str1.4
                0x10005970        0xe CMakeFiles/firmware.dir/C_/Users/nahue/.pico-sdk/sdk/2.1.1/src/rp2_common/pico_malloc/malloc.c.obj
 .rodata.str1.4
                0x10005970       0x44 CMakeFiles/firmware.dir/C_/Users/nahue/.pico-sdk/sdk/2.1.1/src/rp2_common/pico_standard_binary_info/standard_binary_info.c.obj
 .rodata.__bi_84
                0x10005970        0xc CMakeFiles/firmware.dir/C_/Users/nahue/.pico-sdk/sdk/2.1.1/src/rp2_common/pico_standard_binary_info/standard_binary_info.c.obj
 .rodata.__bi_78
                0x1000597c        0xc CMakeFiles/firmware.dir/C_/Users/nahue/.pico-sdk/sdk/2.1.1/src/rp2_common/pico_standard_binary_info/standard_binary_info.c.obj
 .rodata.__bi_60
                0x10005988        0xc CMakeFiles/firmware.dir/C_/Users/nahue/.pico-sdk/sdk/2.1.1/src/rp2_common/pico_standard_binary_info/standard_binary_info.c.obj
 .rodata.__bi_54
                0x10005994        0xc CMakeFiles/firmware.dir/C_/Users/nahue/.pico-sdk/sdk/2.1.1/src/rp2_common/pico_standard_binary_info/standard_binary_info.c.obj
 .rodata.__bi_48
                0x100059a0        0xc CMakeFiles/firmware.dir/C_/Users/nahue/.pico-sdk/sdk/2.1.1/src/rp2_common/pico_standard_binary_info/standard_binary_info.c.obj
 .rodata.__bi_42
                0x100059ac        0xc CMakeFiles/firmware.dir/C_/Users/nahue/.pico-sdk/sdk/2.1.1/src/rp2_common/pico_standard_binary_info/standard_binary_info.c.obj
 .rodata.__bi_34
                0x100059b8        0xc CMakeFiles/firmware.dir/C_/Users/nahue/.pico-sdk/sdk/2.1.1/src/rp2_common/pico_standard_binary_info/standard_binary_info.c.obj
 .rodata.__bi_26
                0x100059c4        0xc CMakeFiles/firmware.dir/C_/Users/nahue/.pico-sdk/sdk/2.1.1/src/rp2_common/pico_standard_binary_info/standard_binary_info.c.obj
 .rodata._ftoa.str1.4
                0x100059d0       0x15 CMakeFiles/firmware.dir/C_/Users/nahue/.pico-sdk/sdk/2.1.1/src/rp2_common/pico_printf/printf.c.obj
 .rodata.pow10.0
                0x100059d0       0x50 CMakeFiles/firmware.dir/C_/Users/nahue/.pico-sdk/sdk/2.1.1/src/rp2_common/pico_printf/printf.c.obj
 .rodata.crlf_str.0
                0x10005a20        0x2 CMakeFiles/firmware.dir/C_/Users/nahue/.pico-sdk/sdk/2.1.1/src/rp2_common/pico_stdio/stdio.c.obj
 *fill*         0x10005a22        0x2 
 .rodata.uxTopUsedPriority
                0x10005a24        0x4 freertos/libfreertos.a(tasks.c.obj)
 .rodata.xTimerCreateTimerTask.str1.4
                0x10005a28       0x10 freertos/libfreertos.a(timers.c.obj)
 .rodata        0x10005a28       0x10 lcd/liblcd.a(lcd.c.obj)
 *(.srodata*)
                0x10005a38                        . = ALIGN (0x4)
 *(SORT_BY_ALIGNMENT(SORT_BY_NAME(.flashdata*)))
                0x10005a38                        . = ALIGN (0x4)

.ARM.extab
 *(.ARM.extab* .gnu.linkonce.armextab.*)
                0x10005a38                        __exidx_start = .

.ARM.exidx      0x10005a38        0x8
 *(.ARM.exidx* .gnu.linkonce.armexidx.*)
 .ARM.exidx     0x10005a38        0x8 C:/Users/nahue/.pico-sdk/toolchain/14_2_Rel1/bin/../lib/gcc/arm-none-eabi/14.2.1/thumb/v8-m.main+fp/softfp\libg.a(libc_a-memcpy.o)
 .ARM.exidx.text.__udivmoddi4
                0x10005a40        0x0 C:/Users/nahue/.pico-sdk/toolchain/14_2_Rel1/bin/../lib/gcc/arm-none-eabi/14.2.1/thumb/v8-m.main+fp/softfp\libgcc.a(_udivmoddi4.o)
                                  0x8 (size before relaxing)
                0x10005a40                        __exidx_end = .
                0x10005a40                        . = ALIGN (0x4)
                0x10005a40                        __binary_info_start = .

.binary_info    0x10005a40       0x20
 *(.binary_info.keep.*)
 .binary_info.keep.__bi_ptr84
                0x10005a40        0x4 CMakeFiles/firmware.dir/C_/Users/nahue/.pico-sdk/sdk/2.1.1/src/rp2_common/pico_standard_binary_info/standard_binary_info.c.obj
 .binary_info.keep.__bi_ptr78
                0x10005a44        0x4 CMakeFiles/firmware.dir/C_/Users/nahue/.pico-sdk/sdk/2.1.1/src/rp2_common/pico_standard_binary_info/standard_binary_info.c.obj
 .binary_info.keep.__bi_ptr60
                0x10005a48        0x4 CMakeFiles/firmware.dir/C_/Users/nahue/.pico-sdk/sdk/2.1.1/src/rp2_common/pico_standard_binary_info/standard_binary_info.c.obj
 .binary_info.keep.__bi_ptr54
                0x10005a4c        0x4 CMakeFiles/firmware.dir/C_/Users/nahue/.pico-sdk/sdk/2.1.1/src/rp2_common/pico_standard_binary_info/standard_binary_info.c.obj
 .binary_info.keep.__bi_ptr48
                0x10005a50        0x4 CMakeFiles/firmware.dir/C_/Users/nahue/.pico-sdk/sdk/2.1.1/src/rp2_common/pico_standard_binary_info/standard_binary_info.c.obj
 .binary_info.keep.__bi_ptr42
                0x10005a54        0x4 CMakeFiles/firmware.dir/C_/Users/nahue/.pico-sdk/sdk/2.1.1/src/rp2_common/pico_standard_binary_info/standard_binary_info.c.obj
 .binary_info.keep.__bi_ptr34
                0x10005a58        0x4 CMakeFiles/firmware.dir/C_/Users/nahue/.pico-sdk/sdk/2.1.1/src/rp2_common/pico_standard_binary_info/standard_binary_info.c.obj
 .binary_info.keep.__bi_ptr26
                0x10005a5c        0x4 CMakeFiles/firmware.dir/C_/Users/nahue/.pico-sdk/sdk/2.1.1/src/rp2_common/pico_standard_binary_info/standard_binary_info.c.obj
 *(.binary_info.*)
                0x10005a60                        __binary_info_end = .
                0x10005a60                        . = ALIGN (0x4)

.ram_vector_table
                0x20000000      0x110
 *(.ram_vector_table)
 .ram_vector_table
                0x20000000      0x110 CMakeFiles/firmware.dir/C_/Users/nahue/.pico-sdk/sdk/2.1.1/src/rp2_common/pico_runtime_init/runtime_init.c.obj
                0x20000000                ram_vector_table

.uninitialized_data
                0x20000110        0x0
                0x20000110                        . = ALIGN (0x4)
 *(.uninitialized_data*)

.data           0x20000110      0xdb0 load address 0x10005a60
                0x20000110                        __data_start__ = .
 *(vtable)
 *(.time_critical*)
 .time_critical.mutex_enter_block_until
                0x20000110       0x6c CMakeFiles/firmware.dir/C_/Users/nahue/.pico-sdk/sdk/2.1.1/src/common/pico_sync/mutex.c.obj
                0x20000110                mutex_enter_block_until
 .time_critical.mutex_try_enter_block_until
                0x2000017c       0x68 CMakeFiles/firmware.dir/C_/Users/nahue/.pico-sdk/sdk/2.1.1/src/common/pico_sync/mutex.c.obj
                0x2000017c                mutex_try_enter_block_until
 .time_critical.mutex_exit
                0x200001e4       0x3c CMakeFiles/firmware.dir/C_/Users/nahue/.pico-sdk/sdk/2.1.1/src/common/pico_sync/mutex.c.obj
                0x200001e4                mutex_exit
 *(.text*)
 .text          0x20000220      0x378 C:/Users/nahue/.pico-sdk/toolchain/14_2_Rel1/bin/../lib/gcc/arm-none-eabi/14.2.1/thumb/v8-m.main+fp/softfp\libgcc.a(_arm_addsubdf3.o)
                0x20000220                __aeabi_drsub
                0x20000228                __aeabi_dsub
                0x20000228                __subdf3
                0x2000022c                __aeabi_dadd
                0x2000022c                __adddf3
                0x200004a4                __floatunsidf
                0x200004a4                __aeabi_ui2d
                0x200004c4                __floatsidf
                0x200004c4                __aeabi_i2d
                0x200004e8                __aeabi_f2d
                0x200004e8                __extendsfdf2
                0x2000052c                __floatundidf
                0x2000052c                __aeabi_ul2d
                0x2000053c                __floatdidf
                0x2000053c                __aeabi_l2d
 .text          0x20000598       0x30 C:/Users/nahue/.pico-sdk/toolchain/14_2_Rel1/bin/../lib/gcc/arm-none-eabi/14.2.1/thumb/v8-m.main+fp/softfp\libgcc.a(_aeabi_uldivmod.o)
                0x20000598                __aeabi_uldivmod
 .text.__udivmoddi4
                0x200005c8      0x34c C:/Users/nahue/.pico-sdk/toolchain/14_2_Rel1/bin/../lib/gcc/arm-none-eabi/14.2.1/thumb/v8-m.main+fp/softfp\libgcc.a(_udivmoddi4.o)
                0x200005c8                __udivmoddi4
 .text          0x20000914        0x4 C:/Users/nahue/.pico-sdk/toolchain/14_2_Rel1/bin/../lib/gcc/arm-none-eabi/14.2.1/thumb/v8-m.main+fp/softfp\libgcc.a(_dvmd_tls.o)
                0x20000914                __aeabi_idiv0
                0x20000914                __aeabi_ldiv0
 .text.__stub   0x20000918        0x8 linker stubs
                0x20000920                        . = ALIGN (0x4)
 *(.rodata*)
                0x20000920                        . = ALIGN (0x4)
 *(.data*)
 .data.cooler   0x20000920       0x14 CMakeFiles/firmware.dir/firmware.c.obj
                0x20000920                cooler
 .data.striped_spin_lock_num
                0x20000934        0x1 CMakeFiles/firmware.dir/C_/Users/nahue/.pico-sdk/sdk/2.1.1/src/rp2_common/hardware_sync/sync.c.obj
 *fill*         0x20000935        0x3 
 .data.default_alarm_pool
                0x20000938       0x18 CMakeFiles/firmware.dir/C_/Users/nahue/.pico-sdk/sdk/2.1.1/src/common/pico_time/time.c.obj
 .data.i2c0_inst
                0x20000950        0x8 CMakeFiles/firmware.dir/C_/Users/nahue/.pico-sdk/sdk/2.1.1/src/rp2_common/hardware_i2c/i2c.c.obj
                0x20000950                i2c0_inst
 .data.ucPrimaryCoreNum
                0x20000958        0x1 freertos/libfreertos.a(port.c.obj)
 *fill*         0x20000959        0x3 
 .data.ulCriticalNesting
                0x2000095c        0x4 freertos/libfreertos.a(port.c.obj)
 .data.__malloc_sbrk_base
                0x20000960        0x4 C:/Users/nahue/.pico-sdk/toolchain/14_2_Rel1/bin/../lib/gcc/arm-none-eabi/14.2.1/thumb/v8-m.main+fp/softfp\libg.a(libc_a-mallocr.o)
                0x20000960                __malloc_sbrk_base
 .data.__malloc_trim_threshold
                0x20000964        0x4 C:/Users/nahue/.pico-sdk/toolchain/14_2_Rel1/bin/../lib/gcc/arm-none-eabi/14.2.1/thumb/v8-m.main+fp/softfp\libg.a(libc_a-mallocr.o)
                0x20000964                __malloc_trim_threshold
 .data.__malloc_av_
                0x20000968      0x408 C:/Users/nahue/.pico-sdk/toolchain/14_2_Rel1/bin/../lib/gcc/arm-none-eabi/14.2.1/thumb/v8-m.main+fp/softfp\libg.a(libc_a-mallocr.o)
                0x20000968                __malloc_av_
 .data._impure_ptr
                0x20000d70        0x4 C:/Users/nahue/.pico-sdk/toolchain/14_2_Rel1/bin/../lib/gcc/arm-none-eabi/14.2.1/thumb/v8-m.main+fp/softfp\libg.a(libc_a-impure.o)
                0x20000d70                _impure_ptr
 *fill*         0x20000d74        0x4 
 .data._impure_data
                0x20000d78      0x140 C:/Users/nahue/.pico-sdk/toolchain/14_2_Rel1/bin/../lib/gcc/arm-none-eabi/14.2.1/thumb/v8-m.main+fp/softfp\libg.a(libc_a-impure.o)
                0x20000d78                _impure_data
 *(.sdata*)
                0x20000eb8                        . = ALIGN (0x4)
 *(.after_data.*)
                0x20000eb8                        . = ALIGN (0x4)
                0x20000eb8                        PROVIDE (__mutex_array_start = .)
 *(SORT_BY_NAME(.mutex_array.*))
 *(.mutex_array)
 .mutex_array   0x20000eb8        0x8 CMakeFiles/firmware.dir/C_/Users/nahue/.pico-sdk/sdk/2.1.1/src/rp2_common/pico_stdio/stdio.c.obj
                0x20000ec0                        PROVIDE (__mutex_array_end = .)
 *(.jcr)
                0x20000ec0                        . = ALIGN (0x4)

.tm_clone_table
                0x20000ec0        0x0 load address 0x10006810
 .tm_clone_table
                0x20000ec0        0x0 C:/Users/nahue/.pico-sdk/toolchain/14_2_Rel1/bin/../lib/gcc/arm-none-eabi/14.2.1/thumb/v8-m.main+fp/softfp/crtbegin.o
 .tm_clone_table
                0x20000ec0        0x0 C:/Users/nahue/.pico-sdk/toolchain/14_2_Rel1/bin/../lib/gcc/arm-none-eabi/14.2.1/thumb/v8-m.main+fp/softfp/crtend.o

.igot.plt       0x20000ec0        0x0 load address 0x10006810
 .igot.plt      0x20000ec0        0x0 C:/Users/nahue/.pico-sdk/toolchain/14_2_Rel1/bin/../lib/gcc/arm-none-eabi/14.2.1/thumb/v8-m.main+fp/softfp/crtbegin.o

.tdata          0x20000ec0        0x0 load address 0x10006810
                0x20000ec0                        . = ALIGN (0x4)
 *(.tdata .tdata.* .gnu.linkonce.td.*)
                0x20000ec0                        __tdata_end = .
                0x20000ec0                        PROVIDE (__data_end__ = .)
                0x10005a60                        __etext = LOADADDR (.data)

.tbss           0x20000ec0        0x0 load address 0x10006810
                0x20000ec0                        . = ALIGN (0x4)
                0x20000ec0                        __bss_start__ = .
                0x20000ec0                        __tls_base = .
 *(.tbss .tbss.* .gnu.linkonce.tb.*)
 *(.tcommon)
                0x20000ec0                        __tls_end = .

.bss            0x20000ec0      0x54c load address 0x10006810
                0x20000ec0                        . = ALIGN (0x4)
                0x20000ec0                        __tbss_end = .
 *(SORT_BY_ALIGNMENT(SORT_BY_NAME(.bss*)))
 .bss.default_alarm_pool_entries
                0x20000ec0      0x180 CMakeFiles/firmware.dir/C_/Users/nahue/.pico-sdk/sdk/2.1.1/src/common/pico_time/time.c.obj
 .bss.xQueueRegistry
                0x20001040       0x50 freertos/libfreertos.a(queue.c.obj)
                0x20001040                xQueueRegistry
 .bss.__lock___malloc_recursive_mutex
                0x20001090        0x1 C:/Users/nahue/.pico-sdk/toolchain/14_2_Rel1/bin/../lib/gcc/arm-none-eabi/14.2.1/thumb/v8-m.main+fp/softfp\libg.a(libc_a-lock.o)
                0x20001090                __lock___malloc_recursive_mutex
 *fill*         0x20001091        0x3 
 .bss.__malloc_current_mallinfo
                0x20001094       0x28 C:/Users/nahue/.pico-sdk/toolchain/14_2_Rel1/bin/../lib/gcc/arm-none-eabi/14.2.1/thumb/v8-m.main+fp/softfp\libg.a(libc_a-mallocr.o)
                0x20001094                __malloc_current_mallinfo
 .bss.__malloc_max_sbrked_mem
                0x200010bc        0x4 C:/Users/nahue/.pico-sdk/toolchain/14_2_Rel1/bin/../lib/gcc/arm-none-eabi/14.2.1/thumb/v8-m.main+fp/softfp\libg.a(libc_a-mallocr.o)
                0x200010bc                __malloc_max_sbrked_mem
 .bss.__malloc_max_total_mem
                0x200010c0        0x4 C:/Users/nahue/.pico-sdk/toolchain/14_2_Rel1/bin/../lib/gcc/arm-none-eabi/14.2.1/thumb/v8-m.main+fp/softfp\libg.a(libc_a-mallocr.o)
                0x200010c0                __malloc_max_total_mem
 .bss.__malloc_top_pad
                0x200010c4        0x4 C:/Users/nahue/.pico-sdk/toolchain/14_2_Rel1/bin/../lib/gcc/arm-none-eabi/14.2.1/thumb/v8-m.main+fp/softfp\libg.a(libc_a-mallocr.o)
                0x200010c4                __malloc_top_pad
 .bss.__sf      0x200010c8      0x138 C:/Users/nahue/.pico-sdk/toolchain/14_2_Rel1/bin/../lib/gcc/arm-none-eabi/14.2.1/thumb/v8-m.main+fp/softfp\libg.a(libc_a-findfp.o)
                0x200010c8                __sf
 .bss._sw_spin_locks
                0x20001200       0x20 CMakeFiles/firmware.dir/C_/Users/nahue/.pico-sdk/sdk/2.1.1/src/rp2_common/hardware_sync_spin_lock/sync_spin_lock.c.obj
                0x20001200                _sw_spin_locks
 .bss.claimed   0x20001220        0x2 CMakeFiles/firmware.dir/C_/Users/nahue/.pico-sdk/sdk/2.1.1/src/rp2_common/hardware_timer/timer.c.obj
 *fill*         0x20001222        0x2 
 .bss.configured_freq
                0x20001224       0x28 CMakeFiles/firmware.dir/C_/Users/nahue/.pico-sdk/sdk/2.1.1/src/rp2_common/hardware_clocks/clocks.c.obj
 .bss.drivers   0x2000124c        0x4 CMakeFiles/firmware.dir/C_/Users/nahue/.pico-sdk/sdk/2.1.1/src/rp2_common/pico_stdio/stdio.c.obj
 .bss.errno     0x20001250        0x4 C:/Users/nahue/.pico-sdk/toolchain/14_2_Rel1/bin/../lib/gcc/arm-none-eabi/14.2.1/thumb/v8-m.main+fp/softfp\libg.a(libc_a-reent.o)
                0x20001250                errno
 .bss.filter    0x20001254        0x4 CMakeFiles/firmware.dir/C_/Users/nahue/.pico-sdk/sdk/2.1.1/src/rp2_common/pico_stdio/stdio.c.obj
 .bss.heap_end.0
                0x20001258        0x4 CMakeFiles/firmware.dir/C_/Users/nahue/.pico-sdk/sdk/2.1.1/src/rp2_common/pico_clib_interface/newlib_interface.c.obj
 .bss.lazy_vsnprintf
                0x2000125c        0x4 CMakeFiles/firmware.dir/C_/Users/nahue/.pico-sdk/sdk/2.1.1/src/rp2_common/pico_printf/printf.c.obj
 .bss.lcd_i2c   0x20001260        0x4 lcd/liblcd.a(lcd.c.obj)
 .bss.object.0  0x20001264       0x18 C:/Users/nahue/.pico-sdk/toolchain/14_2_Rel1/bin/../lib/gcc/arm-none-eabi/14.2.1/thumb/v8-m.main+fp/softfp/crtbegin.o
 .bss.pools     0x2000127c       0x20 CMakeFiles/firmware.dir/C_/Users/nahue/.pico-sdk/sdk/2.1.1/src/common/pico_time/time.c.obj
 .bss.pxCrossCoreSpinLock
                0x2000129c        0x4 freertos/libfreertos.a(port.c.obj)
 .bss.pxCurrentTCB
                0x200012a0        0x4 freertos/libfreertos.a(tasks.c.obj)
                0x200012a0                pxCurrentTCB
 .bss.pxCurrentTimerList
                0x200012a4        0x4 freertos/libfreertos.a(timers.c.obj)
 .bss.pxDelayedTaskList
                0x200012a8        0x4 freertos/libfreertos.a(tasks.c.obj)
 .bss.pxOverflowDelayedTaskList
                0x200012ac        0x4 freertos/libfreertos.a(tasks.c.obj)
 .bss.pxOverflowTimerList
                0x200012b0        0x4 freertos/libfreertos.a(timers.c.obj)
 .bss.pxReadyTasksLists
                0x200012b4       0x78 freertos/libfreertos.a(tasks.c.obj)
 .bss.sensor    0x2000132c        0x8 CMakeFiles/firmware.dir/firmware.c.obj
                0x2000132c                sensor
 .bss.sleep_notifier
                0x20001334        0x4 CMakeFiles/firmware.dir/C_/Users/nahue/.pico-sdk/sdk/2.1.1/src/common/pico_time/time.c.obj
 .bss.ulMaxPRIGROUPValue
                0x20001338        0x4 freertos/libfreertos.a(port.c.obj)
 .bss.uxCurrentNumberOfTasks
                0x2000133c        0x4 freertos/libfreertos.a(tasks.c.obj)
 .bss.uxDeletedTasksWaitingCleanUp
                0x20001340        0x4 freertos/libfreertos.a(tasks.c.obj)
 .bss.uxSchedulerSuspended
                0x20001344        0x4 freertos/libfreertos.a(tasks.c.obj)
 .bss.uxTaskNumber
                0x20001348        0x4 freertos/libfreertos.a(tasks.c.obj)
 .bss.uxTopReadyPriority
                0x2000134c        0x4 freertos/libfreertos.a(tasks.c.obj)
 .bss.xActiveTimerList1
                0x20001350       0x14 freertos/libfreertos.a(timers.c.obj)
 .bss.xActiveTimerList2
                0x20001364       0x14 freertos/libfreertos.a(timers.c.obj)
 .bss.xDelayedTaskList1
                0x20001378       0x14 freertos/libfreertos.a(tasks.c.obj)
 .bss.xDelayedTaskList2
                0x2000138c       0x14 freertos/libfreertos.a(tasks.c.obj)
 .bss.xEventGroup
                0x200013a0        0x4 freertos/libfreertos.a(port.c.obj)
 .bss.xIdleTaskHandles
                0x200013a4        0x4 freertos/libfreertos.a(tasks.c.obj)
 .bss.xLastTime.0
                0x200013a8        0x4 freertos/libfreertos.a(timers.c.obj)
 .bss.xNextTaskUnblockTime
                0x200013ac        0x4 freertos/libfreertos.a(tasks.c.obj)
 .bss.xNumOfOverflows
                0x200013b0        0x4 freertos/libfreertos.a(tasks.c.obj)
 .bss.xPendedTicks
                0x200013b4        0x4 freertos/libfreertos.a(tasks.c.obj)
 .bss.xPendingReadyList
                0x200013b8       0x14 freertos/libfreertos.a(tasks.c.obj)
 .bss.xSchedulerRunning
                0x200013cc        0x4 freertos/libfreertos.a(tasks.c.obj)
 .bss.xSuspendedTaskList
                0x200013d0       0x14 freertos/libfreertos.a(tasks.c.obj)
 .bss.xTasksWaitingTermination
                0x200013e4       0x14 freertos/libfreertos.a(tasks.c.obj)
 .bss.xTickCount
                0x200013f8        0x4 freertos/libfreertos.a(tasks.c.obj)
 .bss.xTimerQueue
                0x200013fc        0x4 freertos/libfreertos.a(timers.c.obj)
 .bss.xTimerTaskHandle
                0x20001400        0x4 freertos/libfreertos.a(timers.c.obj)
 .bss.xYieldPendings
                0x20001404        0x4 freertos/libfreertos.a(tasks.c.obj)
 .bss.addr      0x20001408        0x1 lcd/liblcd.a(lcd.c.obj)
 *(COMMON)
                [!provide]                        PROVIDE (__global_pointer$ = (. + 0x800))
 *(.sbss*)
                0x2000140c                        . = ALIGN (0x4)
 *fill*         0x20001409        0x3 
                0x2000140c                        __bss_end__ = .

.heap           0x2000140c      0x800 load address 0x10006810
                0x2000140c                        __end__ = .
                0x2000140c                        end = __end__
 *(.heap*)
 .heap          0x2000140c      0x800 CMakeFiles/firmware.dir/C_/Users/nahue/.pico-sdk/sdk/2.1.1/src/rp2_common/pico_crt0/crt0.S.obj
                0x20080000                        __HeapLimit = (ORIGIN (RAM) + LENGTH (RAM))

.scratch_x      0x20080000        0x0 load address 0x10006810
                0x20080000                        __scratch_x_start__ = .
 *(.scratch_x.*)
                0x20080000                        . = ALIGN (0x4)
                0x20080000                        __scratch_x_end__ = .
                0x10006810                        __scratch_x_source__ = LOADADDR (.scratch_x)

.scratch_y      0x20081000        0x0 load address 0x10006810
                0x20081000                        __scratch_y_start__ = .
 *(.scratch_y.*)
                0x20081000                        . = ALIGN (0x4)
                0x20081000                        __scratch_y_end__ = .
                0x10006810                        __scratch_y_source__ = LOADADDR (.scratch_y)

.stack1_dummy
 *(.stack1*)

.stack_dummy    0x20081000      0x800
 *(.stack*)
 .stack         0x20081000      0x800 CMakeFiles/firmware.dir/C_/Users/nahue/.pico-sdk/sdk/2.1.1/src/rp2_common/pico_crt0/crt0.S.obj

.flash_end      0x10006810       0x14
 *(.embedded_end_block*)
 .embedded_end_block
                0x10006810       0x14 CMakeFiles/firmware.dir/C_/Users/nahue/.pico-sdk/sdk/2.1.1/src/rp2_common/pico_crt0/crt0.S.obj
                0x10006824                        PROVIDE (__flash_binary_end = .)
                0x20080000                        __StackLimit = (ORIGIN (RAM) + LENGTH (RAM))
                0x20081000                        __StackOneTop = (ORIGIN (SCRATCH_X) + LENGTH (SCRATCH_X))
                0x20082000                        __StackTop = (ORIGIN (SCRATCH_Y) + LENGTH (SCRATCH_Y))
                0x20081000                        __StackOneBottom = (__StackOneTop - SIZEOF (.stack1_dummy))
                0x20081800                        __StackBottom = (__StackTop - SIZEOF (.stack_dummy))
                0x20082000                        PROVIDE (__stack = __StackTop)
                [!provide]                        PROVIDE (__heap_start = __end__)
                [!provide]                        PROVIDE (__heap_end = __HeapLimit)
                [!provide]                        PROVIDE (__tls_align = MAX (ALIGNOF (.tdata), ALIGNOF (.tbss)))
                [!provide]                        PROVIDE (__tls_size_align = (((__tls_size + __tls_align) - 0x1) & ~ ((__tls_align - 0x1))))
                [!provide]                        PROVIDE (__arm32_tls_tcb_offset = MAX (0x8, __tls_align))
                [!provide]                        PROVIDE (_end = __end__)
                [!provide]                        PROVIDE (__llvm_libc_heap_limit = __HeapLimit)
                0x00000001                        ASSERT ((__StackLimit >= __HeapLimit), region RAM overflowed)
                0x00000001                        ASSERT (((__binary_info_header_end - __logical_binary_start) <= 0x400), Binary info must be in first 1024 bytes of the binary)
                0x00000001                        ASSERT (((__embedded_block_end - __logical_binary_start) <= 0x1000), Embedded block must be in first 4096 bytes of the binary)
LOAD CMakeFiles/firmware.dir/firmware.c.obj
LOAD CMakeFiles/firmware.dir/C_/Users/nahue/.pico-sdk/sdk/2.1.1/src/rp2_common/pico_stdlib/stdlib.c.obj
LOAD CMakeFiles/firmware.dir/C_/Users/nahue/.pico-sdk/sdk/2.1.1/src/rp2_common/hardware_gpio/gpio.c.obj
LOAD CMakeFiles/firmware.dir/C_/Users/nahue/.pico-sdk/sdk/2.1.1/src/rp2350/pico_platform/platform.c.obj
LOAD CMakeFiles/firmware.dir/C_/Users/nahue/.pico-sdk/sdk/2.1.1/src/rp2_common/pico_platform_panic/panic.c.obj
LOAD CMakeFiles/firmware.dir/C_/Users/nahue/.pico-sdk/sdk/2.1.1/src/common/hardware_claim/claim.c.obj
LOAD CMakeFiles/firmware.dir/C_/Users/nahue/.pico-sdk/sdk/2.1.1/src/rp2_common/hardware_sync/sync.c.obj
LOAD CMakeFiles/firmware.dir/C_/Users/nahue/.pico-sdk/sdk/2.1.1/src/rp2_common/hardware_sync_spin_lock/sync_spin_lock.c.obj
LOAD CMakeFiles/firmware.dir/C_/Users/nahue/.pico-sdk/sdk/2.1.1/src/rp2_common/hardware_irq/irq.c.obj
LOAD CMakeFiles/firmware.dir/C_/Users/nahue/.pico-sdk/sdk/2.1.1/src/rp2_common/hardware_irq/irq_handler_chain.S.obj
LOAD CMakeFiles/firmware.dir/C_/Users/nahue/.pico-sdk/sdk/2.1.1/src/common/pico_sync/sem.c.obj
LOAD CMakeFiles/firmware.dir/C_/Users/nahue/.pico-sdk/sdk/2.1.1/src/common/pico_sync/lock_core.c.obj
LOAD CMakeFiles/firmware.dir/C_/Users/nahue/.pico-sdk/sdk/2.1.1/src/common/pico_sync/mutex.c.obj
LOAD CMakeFiles/firmware.dir/C_/Users/nahue/.pico-sdk/sdk/2.1.1/src/common/pico_sync/critical_section.c.obj
LOAD CMakeFiles/firmware.dir/C_/Users/nahue/.pico-sdk/sdk/2.1.1/src/common/pico_time/time.c.obj
LOAD CMakeFiles/firmware.dir/C_/Users/nahue/.pico-sdk/sdk/2.1.1/src/common/pico_time/timeout_helper.c.obj
LOAD CMakeFiles/firmware.dir/C_/Users/nahue/.pico-sdk/sdk/2.1.1/src/rp2_common/hardware_timer/timer.c.obj
LOAD CMakeFiles/firmware.dir/C_/Users/nahue/.pico-sdk/sdk/2.1.1/src/common/pico_util/datetime.c.obj
LOAD CMakeFiles/firmware.dir/C_/Users/nahue/.pico-sdk/sdk/2.1.1/src/common/pico_util/pheap.c.obj
LOAD CMakeFiles/firmware.dir/C_/Users/nahue/.pico-sdk/sdk/2.1.1/src/common/pico_util/queue.c.obj
LOAD CMakeFiles/firmware.dir/C_/Users/nahue/.pico-sdk/sdk/2.1.1/src/rp2_common/hardware_uart/uart.c.obj
LOAD CMakeFiles/firmware.dir/C_/Users/nahue/.pico-sdk/sdk/2.1.1/src/rp2_common/hardware_clocks/clocks.c.obj
LOAD CMakeFiles/firmware.dir/C_/Users/nahue/.pico-sdk/sdk/2.1.1/src/rp2_common/hardware_pll/pll.c.obj
LOAD CMakeFiles/firmware.dir/C_/Users/nahue/.pico-sdk/sdk/2.1.1/src/rp2_common/hardware_vreg/vreg.c.obj
LOAD CMakeFiles/firmware.dir/C_/Users/nahue/.pico-sdk/sdk/2.1.1/src/rp2_common/hardware_watchdog/watchdog.c.obj
LOAD CMakeFiles/firmware.dir/C_/Users/nahue/.pico-sdk/sdk/2.1.1/src/rp2_common/hardware_ticks/ticks.c.obj
LOAD CMakeFiles/firmware.dir/C_/Users/nahue/.pico-sdk/sdk/2.1.1/src/rp2_common/pico_bootrom/bootrom.c.obj
LOAD CMakeFiles/firmware.dir/C_/Users/nahue/.pico-sdk/sdk/2.1.1/src/rp2_common/pico_bootrom/bootrom_lock.c.obj
LOAD CMakeFiles/firmware.dir/C_/Users/nahue/.pico-sdk/sdk/2.1.1/src/rp2_common/hardware_boot_lock/boot_lock.c.obj
LOAD CMakeFiles/firmware.dir/C_/Users/nahue/.pico-sdk/sdk/2.1.1/src/rp2_common/pico_flash/flash.c.obj
LOAD CMakeFiles/firmware.dir/C_/Users/nahue/.pico-sdk/sdk/2.1.1/src/rp2_common/hardware_xosc/xosc.c.obj
LOAD CMakeFiles/firmware.dir/C_/Users/nahue/.pico-sdk/sdk/2.1.1/src/rp2_common/hardware_divider/divider.c.obj
LOAD CMakeFiles/firmware.dir/C_/Users/nahue/.pico-sdk/sdk/2.1.1/src/rp2_common/pico_runtime/runtime.c.obj
LOAD CMakeFiles/firmware.dir/C_/Users/nahue/.pico-sdk/sdk/2.1.1/src/rp2_common/pico_runtime_init/runtime_init.c.obj
LOAD CMakeFiles/firmware.dir/C_/Users/nahue/.pico-sdk/sdk/2.1.1/src/rp2_common/pico_runtime_init/runtime_init_clocks.c.obj
LOAD CMakeFiles/firmware.dir/C_/Users/nahue/.pico-sdk/sdk/2.1.1/src/rp2_common/pico_runtime_init/runtime_init_stack_guard.c.obj
LOAD CMakeFiles/firmware.dir/C_/Users/nahue/.pico-sdk/sdk/2.1.1/src/rp2_common/pico_bit_ops/bit_ops_aeabi.S.obj
LOAD CMakeFiles/firmware.dir/C_/Users/nahue/.pico-sdk/sdk/2.1.1/src/rp2_common/pico_divider/divider_compiler.c.obj
LOAD CMakeFiles/firmware.dir/C_/Users/nahue/.pico-sdk/sdk/2.1.1/src/rp2_common/pico_double/double_math.c.obj
LOAD CMakeFiles/firmware.dir/C_/Users/nahue/.pico-sdk/sdk/2.1.1/src/rp2_common/pico_double/double_aeabi_dcp.S.obj
LOAD CMakeFiles/firmware.dir/C_/Users/nahue/.pico-sdk/sdk/2.1.1/src/rp2_common/pico_double/double_fma_dcp.S.obj
LOAD CMakeFiles/firmware.dir/C_/Users/nahue/.pico-sdk/sdk/2.1.1/src/rp2_common/pico_double/double_sci_m33.S.obj
LOAD CMakeFiles/firmware.dir/C_/Users/nahue/.pico-sdk/sdk/2.1.1/src/rp2_common/pico_double/double_conv_m33.S.obj
LOAD CMakeFiles/firmware.dir/C_/Users/nahue/.pico-sdk/sdk/2.1.1/src/rp2_common/pico_float/float_math.c.obj
LOAD CMakeFiles/firmware.dir/C_/Users/nahue/.pico-sdk/sdk/2.1.1/src/rp2_common/pico_float/float_conv32_vfp.S.obj
LOAD CMakeFiles/firmware.dir/C_/Users/nahue/.pico-sdk/sdk/2.1.1/src/rp2_common/pico_float/float_common_m33.S.obj
LOAD CMakeFiles/firmware.dir/C_/Users/nahue/.pico-sdk/sdk/2.1.1/src/rp2_common/pico_float/float_sci_m33_vfp.S.obj
LOAD CMakeFiles/firmware.dir/C_/Users/nahue/.pico-sdk/sdk/2.1.1/src/rp2_common/pico_malloc/malloc.c.obj
LOAD CMakeFiles/firmware.dir/C_/Users/nahue/.pico-sdk/sdk/2.1.1/src/rp2_common/pico_atomic/atomic.c.obj
LOAD CMakeFiles/firmware.dir/C_/Users/nahue/.pico-sdk/sdk/2.1.1/src/rp2_common/pico_cxx_options/new_delete.cpp.obj
LOAD CMakeFiles/firmware.dir/C_/Users/nahue/.pico-sdk/sdk/2.1.1/src/rp2_common/pico_standard_binary_info/standard_binary_info.c.obj
LOAD CMakeFiles/firmware.dir/C_/Users/nahue/.pico-sdk/sdk/2.1.1/src/rp2_common/pico_printf/printf.c.obj
LOAD CMakeFiles/firmware.dir/C_/Users/nahue/.pico-sdk/sdk/2.1.1/src/rp2_common/pico_crt0/crt0.S.obj
LOAD CMakeFiles/firmware.dir/C_/Users/nahue/.pico-sdk/sdk/2.1.1/src/rp2_common/pico_clib_interface/newlib_interface.c.obj
LOAD CMakeFiles/firmware.dir/C_/Users/nahue/.pico-sdk/sdk/2.1.1/src/rp2_common/pico_stdio/stdio.c.obj
LOAD CMakeFiles/firmware.dir/C_/Users/nahue/.pico-sdk/sdk/2.1.1/src/rp2_common/hardware_exception/exception.c.obj
LOAD CMakeFiles/firmware.dir/C_/Users/nahue/.pico-sdk/sdk/2.1.1/src/rp2_common/hardware_i2c/i2c.c.obj
LOAD CMakeFiles/firmware.dir/C_/Users/nahue/.pico-sdk/sdk/2.1.1/src/rp2_common/hardware_adc/adc.c.obj
LOAD pico-sdk/src/rp2350/boot_stage2/CMakeFiles/bs2_default_library.dir/./bs2_default_padded_checksummed.S.obj
LOAD freertos/libfreertos.a
LOAD pwm_lib/libpwm_lib.a
LOAD lcd/liblcd.a
LOAD HC_SR04/libHC_SR04.a
LOAD C:/Users/nahue/.pico-sdk/toolchain/14_2_Rel1/bin/../lib/gcc/arm-none-eabi/14.2.1/thumb/v8-m.main+fp/softfp\libstdc++.a
LOAD C:/Users/nahue/.pico-sdk/toolchain/14_2_Rel1/bin/../lib/gcc/arm-none-eabi/14.2.1/thumb/v8-m.main+fp/softfp\libm.a
START GROUP
LOAD C:/Users/nahue/.pico-sdk/toolchain/14_2_Rel1/bin/../lib/gcc/arm-none-eabi/14.2.1/thumb/v8-m.main+fp/softfp\libgcc.a
LOAD C:/Users/nahue/.pico-sdk/toolchain/14_2_Rel1/bin/../lib/gcc/arm-none-eabi/14.2.1/thumb/v8-m.main+fp/softfp\libg.a
LOAD C:/Users/nahue/.pico-sdk/toolchain/14_2_Rel1/bin/../lib/gcc/arm-none-eabi/14.2.1/thumb/v8-m.main+fp/softfp\libc.a
END GROUP
START GROUP
LOAD C:/Users/nahue/.pico-sdk/toolchain/14_2_Rel1/bin/../lib/gcc/arm-none-eabi/14.2.1/thumb/v8-m.main+fp/softfp\libgcc.a
LOAD C:/Users/nahue/.pico-sdk/toolchain/14_2_Rel1/bin/../lib/gcc/arm-none-eabi/14.2.1/thumb/v8-m.main+fp/softfp\libc.a
LOAD C:/Users/nahue/.pico-sdk/toolchain/14_2_Rel1/bin/../lib/gcc/arm-none-eabi/14.2.1/thumb/v8-m.main+fp/softfp\libnosys.a
END GROUP
LOAD C:/Users/nahue/.pico-sdk/toolchain/14_2_Rel1/bin/../lib/gcc/arm-none-eabi/14.2.1/thumb/v8-m.main+fp/softfp/crtend.o
LOAD C:/Users/nahue/.pico-sdk/toolchain/14_2_Rel1/bin/../lib/gcc/arm-none-eabi/14.2.1/thumb/v8-m.main+fp/softfp/crtn.o
OUTPUT(firmware.elf elf32-littlearm)
LOAD linker stubs

.rel.dyn        0x10006824        0x0
 .rel.iplt      0x10006824        0x0 C:/Users/nahue/.pico-sdk/toolchain/14_2_Rel1/bin/../lib/gcc/arm-none-eabi/14.2.1/thumb/v8-m.main+fp/softfp/crtbegin.o

.ARM.attributes
                0x00000000       0x34
 .ARM.attributes
                0x00000000       0x26 C:/Users/nahue/.pico-sdk/toolchain/14_2_Rel1/bin/../lib/gcc/arm-none-eabi/14.2.1/thumb/v8-m.main+fp/softfp/crti.o
 .ARM.attributes
                0x00000026       0x36 C:/Users/nahue/.pico-sdk/toolchain/14_2_Rel1/bin/../lib/gcc/arm-none-eabi/14.2.1/thumb/v8-m.main+fp/softfp/crtbegin.o
 .ARM.attributes
                0x0000005c       0x38 CMakeFiles/firmware.dir/firmware.c.obj
 .ARM.attributes
                0x00000094       0x38 CMakeFiles/firmware.dir/C_/Users/nahue/.pico-sdk/sdk/2.1.1/src/rp2_common/hardware_gpio/gpio.c.obj
 .ARM.attributes
                0x000000cc       0x38 CMakeFiles/firmware.dir/C_/Users/nahue/.pico-sdk/sdk/2.1.1/src/rp2_common/pico_platform_panic/panic.c.obj
 .ARM.attributes
                0x00000104       0x38 CMakeFiles/firmware.dir/C_/Users/nahue/.pico-sdk/sdk/2.1.1/src/common/hardware_claim/claim.c.obj
 .ARM.attributes
                0x0000013c       0x38 CMakeFiles/firmware.dir/C_/Users/nahue/.pico-sdk/sdk/2.1.1/src/rp2_common/hardware_sync/sync.c.obj
 .ARM.attributes
                0x00000174       0x38 CMakeFiles/firmware.dir/C_/Users/nahue/.pico-sdk/sdk/2.1.1/src/rp2_common/hardware_sync_spin_lock/sync_spin_lock.c.obj
 .ARM.attributes
                0x000001ac       0x38 CMakeFiles/firmware.dir/C_/Users/nahue/.pico-sdk/sdk/2.1.1/src/rp2_common/hardware_irq/irq.c.obj
 .ARM.attributes
                0x000001e4       0x38 CMakeFiles/firmware.dir/C_/Users/nahue/.pico-sdk/sdk/2.1.1/src/common/pico_sync/lock_core.c.obj
 .ARM.attributes
                0x0000021c       0x38 CMakeFiles/firmware.dir/C_/Users/nahue/.pico-sdk/sdk/2.1.1/src/common/pico_sync/mutex.c.obj
 .ARM.attributes
                0x00000254       0x38 CMakeFiles/firmware.dir/C_/Users/nahue/.pico-sdk/sdk/2.1.1/src/common/pico_time/time.c.obj
 .ARM.attributes
                0x0000028c       0x38 CMakeFiles/firmware.dir/C_/Users/nahue/.pico-sdk/sdk/2.1.1/src/rp2_common/hardware_timer/timer.c.obj
 .ARM.attributes
                0x000002c4       0x38 CMakeFiles/firmware.dir/C_/Users/nahue/.pico-sdk/sdk/2.1.1/src/rp2_common/hardware_clocks/clocks.c.obj
 .ARM.attributes
                0x000002fc       0x38 CMakeFiles/firmware.dir/C_/Users/nahue/.pico-sdk/sdk/2.1.1/src/rp2_common/hardware_pll/pll.c.obj
 .ARM.attributes
                0x00000334       0x38 CMakeFiles/firmware.dir/C_/Users/nahue/.pico-sdk/sdk/2.1.1/src/rp2_common/hardware_ticks/ticks.c.obj
 .ARM.attributes
                0x0000036c       0x38 CMakeFiles/firmware.dir/C_/Users/nahue/.pico-sdk/sdk/2.1.1/src/rp2_common/pico_bootrom/bootrom.c.obj
 .ARM.attributes
                0x000003a4       0x38 CMakeFiles/firmware.dir/C_/Users/nahue/.pico-sdk/sdk/2.1.1/src/rp2_common/pico_bootrom/bootrom_lock.c.obj
 .ARM.attributes
                0x000003dc       0x38 CMakeFiles/firmware.dir/C_/Users/nahue/.pico-sdk/sdk/2.1.1/src/rp2_common/hardware_boot_lock/boot_lock.c.obj
 .ARM.attributes
                0x00000414       0x38 CMakeFiles/firmware.dir/C_/Users/nahue/.pico-sdk/sdk/2.1.1/src/rp2_common/hardware_xosc/xosc.c.obj
 .ARM.attributes
                0x0000044c       0x38 CMakeFiles/firmware.dir/C_/Users/nahue/.pico-sdk/sdk/2.1.1/src/rp2_common/pico_runtime/runtime.c.obj
 .ARM.attributes
                0x00000484       0x38 CMakeFiles/firmware.dir/C_/Users/nahue/.pico-sdk/sdk/2.1.1/src/rp2_common/pico_runtime_init/runtime_init.c.obj
 .ARM.attributes
                0x000004bc       0x38 CMakeFiles/firmware.dir/C_/Users/nahue/.pico-sdk/sdk/2.1.1/src/rp2_common/pico_runtime_init/runtime_init_clocks.c.obj
 .ARM.attributes
                0x000004f4       0x28 CMakeFiles/firmware.dir/C_/Users/nahue/.pico-sdk/sdk/2.1.1/src/rp2_common/pico_double/double_aeabi_dcp.S.obj
 .ARM.attributes
                0x0000051c       0x38 CMakeFiles/firmware.dir/C_/Users/nahue/.pico-sdk/sdk/2.1.1/src/rp2_common/pico_malloc/malloc.c.obj
 .ARM.attributes
                0x00000554       0x38 CMakeFiles/firmware.dir/C_/Users/nahue/.pico-sdk/sdk/2.1.1/src/rp2_common/pico_standard_binary_info/standard_binary_info.c.obj
 .ARM.attributes
                0x0000058c       0x38 CMakeFiles/firmware.dir/C_/Users/nahue/.pico-sdk/sdk/2.1.1/src/rp2_common/pico_printf/printf.c.obj
 .ARM.attributes
                0x000005c4       0x28 CMakeFiles/firmware.dir/C_/Users/nahue/.pico-sdk/sdk/2.1.1/src/rp2_common/pico_crt0/crt0.S.obj
 .ARM.attributes
                0x000005ec       0x38 CMakeFiles/firmware.dir/C_/Users/nahue/.pico-sdk/sdk/2.1.1/src/rp2_common/pico_clib_interface/newlib_interface.c.obj
 .ARM.attributes
                0x00000624       0x38 CMakeFiles/firmware.dir/C_/Users/nahue/.pico-sdk/sdk/2.1.1/src/rp2_common/pico_stdio/stdio.c.obj
 .ARM.attributes
                0x0000065c       0x38 CMakeFiles/firmware.dir/C_/Users/nahue/.pico-sdk/sdk/2.1.1/src/rp2_common/hardware_exception/exception.c.obj
 .ARM.attributes
                0x00000694       0x38 CMakeFiles/firmware.dir/C_/Users/nahue/.pico-sdk/sdk/2.1.1/src/rp2_common/hardware_i2c/i2c.c.obj
 .ARM.attributes
                0x000006cc       0x38 CMakeFiles/firmware.dir/C_/Users/nahue/.pico-sdk/sdk/2.1.1/src/rp2_common/hardware_adc/adc.c.obj
 .ARM.attributes
                0x00000704       0x38 freertos/libfreertos.a(tasks.c.obj)
 .ARM.attributes
                0x0000073c       0x38 freertos/libfreertos.a(timers.c.obj)
 .ARM.attributes
                0x00000774       0x38 freertos/libfreertos.a(heap_3.c.obj)
 .ARM.attributes
                0x000007ac       0x38 freertos/libfreertos.a(port.c.obj)
 .ARM.attributes
                0x000007e4       0x38 freertos/libfreertos.a(portasm.c.obj)
 .ARM.attributes
                0x0000081c       0x38 freertos/libfreertos.a(event_groups.c.obj)
 .ARM.attributes
                0x00000854       0x38 freertos/libfreertos.a(list.c.obj)
 .ARM.attributes
                0x0000088c       0x38 freertos/libfreertos.a(queue.c.obj)
 .ARM.attributes
                0x000008c4       0x38 pwm_lib/libpwm_lib.a(pwm_lib.c.obj)
 .ARM.attributes
                0x000008fc       0x38 lcd/liblcd.a(lcd.c.obj)
 .ARM.attributes
                0x00000934       0x38 HC_SR04/libHC_SR04.a(HC_SR04.c.obj)
 .ARM.attributes
                0x0000096c       0x26 C:/Users/nahue/.pico-sdk/toolchain/14_2_Rel1/bin/../lib/gcc/arm-none-eabi/14.2.1/thumb/v8-m.main+fp/softfp\libgcc.a(_arm_addsubdf3.o)
 .ARM.attributes
                0x00000992       0x26 C:/Users/nahue/.pico-sdk/toolchain/14_2_Rel1/bin/../lib/gcc/arm-none-eabi/14.2.1/thumb/v8-m.main+fp/softfp\libgcc.a(_aeabi_uldivmod.o)
 .ARM.attributes
                0x000009b8       0x36 C:/Users/nahue/.pico-sdk/toolchain/14_2_Rel1/bin/../lib/gcc/arm-none-eabi/14.2.1/thumb/v8-m.main+fp/softfp\libgcc.a(_udivmoddi4.o)
 .ARM.attributes
                0x000009ee       0x26 C:/Users/nahue/.pico-sdk/toolchain/14_2_Rel1/bin/../lib/gcc/arm-none-eabi/14.2.1/thumb/v8-m.main+fp/softfp\libgcc.a(_dvmd_tls.o)
 .ARM.attributes
                0x00000a14       0x36 C:/Users/nahue/.pico-sdk/toolchain/14_2_Rel1/bin/../lib/gcc/arm-none-eabi/14.2.1/thumb/v8-m.main+fp/softfp\libg.a(libc_a-malloc.o)
 .ARM.attributes
                0x00000a4a       0x36 C:/Users/nahue/.pico-sdk/toolchain/14_2_Rel1/bin/../lib/gcc/arm-none-eabi/14.2.1/thumb/v8-m.main+fp/softfp\libg.a(libc_a-mallocr.o)
 .ARM.attributes
                0x00000a80       0x36 C:/Users/nahue/.pico-sdk/toolchain/14_2_Rel1/bin/../lib/gcc/arm-none-eabi/14.2.1/thumb/v8-m.main+fp/softfp\libg.a(libc_a-mlock.o)
 .ARM.attributes
                0x00000ab6       0x36 C:/Users/nahue/.pico-sdk/toolchain/14_2_Rel1/bin/../lib/gcc/arm-none-eabi/14.2.1/thumb/v8-m.main+fp/softfp\libg.a(libc_a-memset.o)
 .ARM.attributes
                0x00000aec       0x36 C:/Users/nahue/.pico-sdk/toolchain/14_2_Rel1/bin/../lib/gcc/arm-none-eabi/14.2.1/thumb/v8-m.main+fp/softfp\libg.a(libc_a-impure.o)
 .ARM.attributes
                0x00000b22       0x36 C:/Users/nahue/.pico-sdk/toolchain/14_2_Rel1/bin/../lib/gcc/arm-none-eabi/14.2.1/thumb/v8-m.main+fp/softfp\libg.a(libc_a-sbrkr.o)
 .ARM.attributes
                0x00000b58       0x36 C:/Users/nahue/.pico-sdk/toolchain/14_2_Rel1/bin/../lib/gcc/arm-none-eabi/14.2.1/thumb/v8-m.main+fp/softfp\libg.a(libc_a-errno.o)
 .ARM.attributes
                0x00000b8e       0x36 C:/Users/nahue/.pico-sdk/toolchain/14_2_Rel1/bin/../lib/gcc/arm-none-eabi/14.2.1/thumb/v8-m.main+fp/softfp\libg.a(libc_a-lock.o)
 .ARM.attributes
                0x00000bc4       0x36 C:/Users/nahue/.pico-sdk/toolchain/14_2_Rel1/bin/../lib/gcc/arm-none-eabi/14.2.1/thumb/v8-m.main+fp/softfp\libg.a(libc_a-sysconf.o)
 .ARM.attributes
                0x00000bfa       0x24 C:/Users/nahue/.pico-sdk/toolchain/14_2_Rel1/bin/../lib/gcc/arm-none-eabi/14.2.1/thumb/v8-m.main+fp/softfp\libg.a(libc_a-memcpy.o)
 .ARM.attributes
                0x00000c1e       0x36 C:/Users/nahue/.pico-sdk/toolchain/14_2_Rel1/bin/../lib/gcc/arm-none-eabi/14.2.1/thumb/v8-m.main+fp/softfp\libg.a(libc_a-strlen-stub.o)
 .ARM.attributes
                0x00000c54       0x36 C:/Users/nahue/.pico-sdk/toolchain/14_2_Rel1/bin/../lib/gcc/arm-none-eabi/14.2.1/thumb/v8-m.main+fp/softfp\libg.a(libc_a-freer.o)
 .ARM.attributes
                0x00000c8a       0x36 C:/Users/nahue/.pico-sdk/toolchain/14_2_Rel1/bin/../lib/gcc/arm-none-eabi/14.2.1/thumb/v8-m.main+fp/softfp\libg.a(libc_a-findfp.o)
 .ARM.attributes
                0x00000cc0       0x36 C:/Users/nahue/.pico-sdk/toolchain/14_2_Rel1/bin/../lib/gcc/arm-none-eabi/14.2.1/thumb/v8-m.main+fp/softfp\libg.a(libc_a-reent.o)
 .ARM.attributes
                0x00000cf6       0x36 C:/Users/nahue/.pico-sdk/toolchain/14_2_Rel1/bin/../lib/gcc/arm-none-eabi/14.2.1/thumb/v8-m.main+fp/softfp/crtend.o

.comment        0x00000000       0x45
 .comment       0x00000000       0x45 CMakeFiles/firmware.dir/firmware.c.obj
                                 0x46 (size before relaxing)
 .comment       0x00000045       0x46 CMakeFiles/firmware.dir/C_/Users/nahue/.pico-sdk/sdk/2.1.1/src/rp2_common/hardware_gpio/gpio.c.obj
 .comment       0x00000045       0x46 CMakeFiles/firmware.dir/C_/Users/nahue/.pico-sdk/sdk/2.1.1/src/rp2_common/pico_platform_panic/panic.c.obj
 .comment       0x00000045       0x46 CMakeFiles/firmware.dir/C_/Users/nahue/.pico-sdk/sdk/2.1.1/src/common/hardware_claim/claim.c.obj
 .comment       0x00000045       0x46 CMakeFiles/firmware.dir/C_/Users/nahue/.pico-sdk/sdk/2.1.1/src/rp2_common/hardware_sync/sync.c.obj
 .comment       0x00000045       0x46 CMakeFiles/firmware.dir/C_/Users/nahue/.pico-sdk/sdk/2.1.1/src/rp2_common/hardware_sync_spin_lock/sync_spin_lock.c.obj
 .comment       0x00000045       0x46 CMakeFiles/firmware.dir/C_/Users/nahue/.pico-sdk/sdk/2.1.1/src/rp2_common/hardware_irq/irq.c.obj
 .comment       0x00000045       0x46 CMakeFiles/firmware.dir/C_/Users/nahue/.pico-sdk/sdk/2.1.1/src/common/pico_sync/lock_core.c.obj
 .comment       0x00000045       0x46 CMakeFiles/firmware.dir/C_/Users/nahue/.pico-sdk/sdk/2.1.1/src/common/pico_sync/mutex.c.obj
 .comment       0x00000045       0x46 CMakeFiles/firmware.dir/C_/Users/nahue/.pico-sdk/sdk/2.1.1/src/common/pico_time/time.c.obj
 .comment       0x00000045       0x46 CMakeFiles/firmware.dir/C_/Users/nahue/.pico-sdk/sdk/2.1.1/src/rp2_common/hardware_timer/timer.c.obj
 .comment       0x00000045       0x46 CMakeFiles/firmware.dir/C_/Users/nahue/.pico-sdk/sdk/2.1.1/src/rp2_common/hardware_clocks/clocks.c.obj
 .comment       0x00000045       0x46 CMakeFiles/firmware.dir/C_/Users/nahue/.pico-sdk/sdk/2.1.1/src/rp2_common/hardware_pll/pll.c.obj
 .comment       0x00000045       0x46 CMakeFiles/firmware.dir/C_/Users/nahue/.pico-sdk/sdk/2.1.1/src/rp2_common/hardware_ticks/ticks.c.obj
 .comment       0x00000045       0x46 CMakeFiles/firmware.dir/C_/Users/nahue/.pico-sdk/sdk/2.1.1/src/rp2_common/pico_bootrom/bootrom.c.obj
 .comment       0x00000045       0x46 CMakeFiles/firmware.dir/C_/Users/nahue/.pico-sdk/sdk/2.1.1/src/rp2_common/pico_bootrom/bootrom_lock.c.obj
 .comment       0x00000045       0x46 CMakeFiles/firmware.dir/C_/Users/nahue/.pico-sdk/sdk/2.1.1/src/rp2_common/hardware_boot_lock/boot_lock.c.obj
 .comment       0x00000045       0x46 CMakeFiles/firmware.dir/C_/Users/nahue/.pico-sdk/sdk/2.1.1/src/rp2_common/hardware_xosc/xosc.c.obj
 .comment       0x00000045       0x46 CMakeFiles/firmware.dir/C_/Users/nahue/.pico-sdk/sdk/2.1.1/src/rp2_common/pico_runtime/runtime.c.obj
 .comment       0x00000045       0x46 CMakeFiles/firmware.dir/C_/Users/nahue/.pico-sdk/sdk/2.1.1/src/rp2_common/pico_runtime_init/runtime_init.c.obj
 .comment       0x00000045       0x46 CMakeFiles/firmware.dir/C_/Users/nahue/.pico-sdk/sdk/2.1.1/src/rp2_common/pico_runtime_init/runtime_init_clocks.c.obj
 .comment       0x00000045       0x46 CMakeFiles/firmware.dir/C_/Users/nahue/.pico-sdk/sdk/2.1.1/src/rp2_common/pico_malloc/malloc.c.obj
 .comment       0x00000045       0x46 CMakeFiles/firmware.dir/C_/Users/nahue/.pico-sdk/sdk/2.1.1/src/rp2_common/pico_standard_binary_info/standard_binary_info.c.obj
 .comment       0x00000045       0x46 CMakeFiles/firmware.dir/C_/Users/nahue/.pico-sdk/sdk/2.1.1/src/rp2_common/pico_printf/printf.c.obj
 .comment       0x00000045       0x46 CMakeFiles/firmware.dir/C_/Users/nahue/.pico-sdk/sdk/2.1.1/src/rp2_common/pico_clib_interface/newlib_interface.c.obj
 .comment       0x00000045       0x46 CMakeFiles/firmware.dir/C_/Users/nahue/.pico-sdk/sdk/2.1.1/src/rp2_common/pico_stdio/stdio.c.obj
 .comment       0x00000045       0x46 CMakeFiles/firmware.dir/C_/Users/nahue/.pico-sdk/sdk/2.1.1/src/rp2_common/hardware_exception/exception.c.obj
 .comment       0x00000045       0x46 CMakeFiles/firmware.dir/C_/Users/nahue/.pico-sdk/sdk/2.1.1/src/rp2_common/hardware_i2c/i2c.c.obj
 .comment       0x00000045       0x46 CMakeFiles/firmware.dir/C_/Users/nahue/.pico-sdk/sdk/2.1.1/src/rp2_common/hardware_adc/adc.c.obj
 .comment       0x00000045       0x46 freertos/libfreertos.a(tasks.c.obj)
 .comment       0x00000045       0x46 freertos/libfreertos.a(timers.c.obj)
 .comment       0x00000045       0x46 freertos/libfreertos.a(heap_3.c.obj)
 .comment       0x00000045       0x46 freertos/libfreertos.a(port.c.obj)
 .comment       0x00000045       0x46 freertos/libfreertos.a(portasm.c.obj)
 .comment       0x00000045       0x46 freertos/libfreertos.a(event_groups.c.obj)
 .comment       0x00000045       0x46 freertos/libfreertos.a(list.c.obj)
 .comment       0x00000045       0x46 freertos/libfreertos.a(queue.c.obj)
 .comment       0x00000045       0x46 pwm_lib/libpwm_lib.a(pwm_lib.c.obj)
 .comment       0x00000045       0x46 lcd/liblcd.a(lcd.c.obj)
 .comment       0x00000045       0x46 HC_SR04/libHC_SR04.a(HC_SR04.c.obj)

.debug_info     0x00000000    0x2cf42
 .debug_info    0x00000000     0x1161 CMakeFiles/firmware.dir/firmware.c.obj
 .debug_info    0x00001161     0x2446 CMakeFiles/firmware.dir/C_/Users/nahue/.pico-sdk/sdk/2.1.1/src/rp2_common/hardware_gpio/gpio.c.obj
 .debug_info    0x000035a7      0x1be CMakeFiles/firmware.dir/C_/Users/nahue/.pico-sdk/sdk/2.1.1/src/rp2_common/pico_platform_panic/panic.c.obj
 .debug_info    0x00003765      0xb78 CMakeFiles/firmware.dir/C_/Users/nahue/.pico-sdk/sdk/2.1.1/src/common/hardware_claim/claim.c.obj
 .debug_info    0x000042dd      0x46f CMakeFiles/firmware.dir/C_/Users/nahue/.pico-sdk/sdk/2.1.1/src/rp2_common/hardware_sync/sync.c.obj
 .debug_info    0x0000474c     0x145e CMakeFiles/firmware.dir/C_/Users/nahue/.pico-sdk/sdk/2.1.1/src/rp2_common/hardware_sync_spin_lock/sync_spin_lock.c.obj
 .debug_info    0x00005baa     0x260d CMakeFiles/firmware.dir/C_/Users/nahue/.pico-sdk/sdk/2.1.1/src/rp2_common/hardware_irq/irq.c.obj
 .debug_info    0x000081b7      0x187 CMakeFiles/firmware.dir/C_/Users/nahue/.pico-sdk/sdk/2.1.1/src/common/pico_sync/lock_core.c.obj
 .debug_info    0x0000833e     0x1e7c CMakeFiles/firmware.dir/C_/Users/nahue/.pico-sdk/sdk/2.1.1/src/common/pico_sync/mutex.c.obj
 .debug_info    0x0000a1ba     0x5487 CMakeFiles/firmware.dir/C_/Users/nahue/.pico-sdk/sdk/2.1.1/src/common/pico_time/time.c.obj
 .debug_info    0x0000f641     0x30c6 CMakeFiles/firmware.dir/C_/Users/nahue/.pico-sdk/sdk/2.1.1/src/rp2_common/hardware_timer/timer.c.obj
 .debug_info    0x00012707     0x28a2 CMakeFiles/firmware.dir/C_/Users/nahue/.pico-sdk/sdk/2.1.1/src/rp2_common/hardware_clocks/clocks.c.obj
 .debug_info    0x00014fa9      0x507 CMakeFiles/firmware.dir/C_/Users/nahue/.pico-sdk/sdk/2.1.1/src/rp2_common/hardware_pll/pll.c.obj
 .debug_info    0x000154b0      0x26c CMakeFiles/firmware.dir/C_/Users/nahue/.pico-sdk/sdk/2.1.1/src/rp2_common/hardware_ticks/ticks.c.obj
 .debug_info    0x0001571c      0x914 CMakeFiles/firmware.dir/C_/Users/nahue/.pico-sdk/sdk/2.1.1/src/rp2_common/pico_bootrom/bootrom.c.obj